Archive member included to satisfy reference by file (symbol)

/home/emile/Documents/Code/micro_ros_test/micro_ros_stm32cubemx_utils/microros_static_library/libmicroros/libmicroros.a(librcl-publisher.c.obj)
                              CMakeFiles/micro_ros_test.elf.dir/Core/Src/freertos.c.obj (rcl_publish)
/home/emile/Documents/Code/micro_ros_test/micro_ros_stm32cubemx_utils/microros_static_library/libmicroros/libmicroros.a(librclc-init.c.obj)
                              CMakeFiles/micro_ros_test.elf.dir/Core/Src/freertos.c.obj (rclc_support_init)
/home/emile/Documents/Code/micro_ros_test/micro_ros_stm32cubemx_utils/microros_static_library/libmicroros/libmicroros.a(librclc-node.c.obj)
                              CMakeFiles/micro_ros_test.elf.dir/Core/Src/freertos.c.obj (rclc_node_init_default)
/home/emile/Documents/Code/micro_ros_test/micro_ros_stm32cubemx_utils/microros_static_library/libmicroros/libmicroros.a(librclc-publisher.c.obj)
                              CMakeFiles/micro_ros_test.elf.dir/Core/Src/freertos.c.obj (rclc_publisher_init_default)
/home/emile/Documents/Code/micro_ros_test/micro_ros_stm32cubemx_utils/microros_static_library/libmicroros/libmicroros.a(librcutils-allocator.c.obj)
                              CMakeFiles/micro_ros_test.elf.dir/Core/Src/freertos.c.obj (rcutils_get_zero_initialized_allocator)
/home/emile/Documents/Code/micro_ros_test/micro_ros_stm32cubemx_utils/microros_static_library/libmicroros/libmicroros.a(librcutils-error_handling.c.obj)
                              /home/emile/Documents/Code/micro_ros_test/micro_ros_stm32cubemx_utils/microros_static_library/libmicroros/libmicroros.a(librclc-init.c.obj) (rcutils_reset_error)
/home/emile/Documents/Code/micro_ros_test/micro_ros_stm32cubemx_utils/microros_static_library/libmicroros/libmicroros.a(librmw-publisher_options.c.obj)
                              /home/emile/Documents/Code/micro_ros_test/micro_ros_stm32cubemx_utils/microros_static_library/libmicroros/libmicroros.a(librcl-publisher.c.obj) (rmw_get_default_publisher_options)
/home/emile/Documents/Code/micro_ros_test/micro_ros_stm32cubemx_utils/microros_static_library/libmicroros/libmicroros.a(librmw_microxrcedds-custom_transport.c.obj)
                              CMakeFiles/micro_ros_test.elf.dir/Core/Src/freertos.c.obj (rmw_uros_set_custom_transport)
/home/emile/Documents/Code/micro_ros_test/micro_ros_stm32cubemx_utils/microros_static_library/libmicroros/libmicroros.a(librmw_microxrcedds-rmw_publish.c.obj)
                              /home/emile/Documents/Code/micro_ros_test/micro_ros_stm32cubemx_utils/microros_static_library/libmicroros/libmicroros.a(librcl-publisher.c.obj) (rmw_publish)
/home/emile/Documents/Code/micro_ros_test/micro_ros_stm32cubemx_utils/microros_static_library/libmicroros/libmicroros.a(librmw_microxrcedds-rmw_publisher.c.obj)
                              /home/emile/Documents/Code/micro_ros_test/micro_ros_stm32cubemx_utils/microros_static_library/libmicroros/libmicroros.a(librcl-publisher.c.obj) (rmw_create_publisher)
/home/emile/Documents/Code/micro_ros_test/micro_ros_stm32cubemx_utils/microros_static_library/libmicroros/libmicroros.a(librmw_microxrcedds-types.c.obj)
                              /home/emile/Documents/Code/micro_ros_test/micro_ros_stm32cubemx_utils/microros_static_library/libmicroros/libmicroros.a(librmw_microxrcedds-rmw_publisher.c.obj) (rmw_uxrce_fini_publisher_memory)
/home/emile/Documents/Code/micro_ros_test/micro_ros_stm32cubemx_utils/microros_static_library/libmicroros/libmicroros.a(librmw_microxrcedds-utils.c.obj)
                              /home/emile/Documents/Code/micro_ros_test/micro_ros_stm32cubemx_utils/microros_static_library/libmicroros/libmicroros.a(librmw_microxrcedds-rmw_publisher.c.obj) (run_xrce_session)
/home/emile/Documents/Code/micro_ros_test/micro_ros_stm32cubemx_utils/microros_static_library/libmicroros/libmicroros.a(librosidl_runtime_c-message_type_support.c.obj)
                              /home/emile/Documents/Code/micro_ros_test/micro_ros_stm32cubemx_utils/microros_static_library/libmicroros/libmicroros.a(librmw_microxrcedds-rmw_publisher.c.obj) (get_message_typesupport_handle)
/home/emile/Documents/Code/micro_ros_test/micro_ros_stm32cubemx_utils/microros_static_library/libmicroros/libmicroros.a(libstd_msgs__rosidl_typesupport_c-int32__type_support.cpp.obj)
                              CMakeFiles/micro_ros_test.elf.dir/Core/Src/freertos.c.obj (rosidl_typesupport_c__get_message_type_support_handle__std_msgs__msg__Int32)
/home/emile/Documents/Code/micro_ros_test/micro_ros_stm32cubemx_utils/microros_static_library/libmicroros/libmicroros.a(libstd_msgs__rosidl_typesupport_introspection_c-int32__type_support.c.obj)
[...]
Memory Configuration

Name             Origin             Length             Attributes
RAM              0x0000000020000000 0x0000000000080000 xrw
FLASH            0x0000000008000000 0x0000000000200000 xr
*default*        0x0000000000000000 0xffffffffffffffff

Linker script and memory map

LOAD /usr/lib/gcc/arm-none-eabi/10.3.1/thumb/v7e-m+fp/hard/crti.o
LOAD /usr/lib/gcc/arm-none-eabi/10.3.1/thumb/v7e-m+fp/hard/crtbegin.o
LOAD /usr/lib/gcc/arm-none-eabi/10.3.1/../../../arm-none-eabi/lib/thumb/v7e-m+fp/hard/crt0.o
LOAD CMakeFiles/micro_ros_test.elf.dir/Core/Src/can.c.obj
LOAD CMakeFiles/micro_ros_test.elf.dir/Core/Src/dma.c.obj
LOAD CMakeFiles/micro_ros_test.elf.dir/Core/Src/freertos.c.obj
LOAD CMakeFiles/micro_ros_test.elf.dir/Core/Src/gpio.c.obj
LOAD CMakeFiles/micro_ros_test.elf.dir/Core/Src/main.c.obj
LOAD CMakeFiles/micro_ros_test.elf.dir/Core/Src/stm32f7xx_hal_msp.c.obj
LOAD CMakeFiles/micro_ros_test.elf.dir/Core/Src/stm32f7xx_hal_timebase_tim.c.obj
LOAD CMakeFiles/micro_ros_test.elf.dir/Core/Src/stm32f7xx_it.c.obj
LOAD CMakeFiles/micro_ros_test.elf.dir/Core/Src/syscalls.c.obj
LOAD CMakeFiles/micro_ros_test.elf.dir/Core/Src/sysmem.c.obj
LOAD CMakeFiles/micro_ros_test.elf.dir/Core/Src/system_stm32f7xx.c.obj
LOAD CMakeFiles/micro_ros_test.elf.dir/Core/Src/usart.c.obj
LOAD CMakeFiles/micro_ros_test.elf.dir/Core/Startup/startup_stm32f767zitx.s.obj
LOAD CMakeFiles/micro_ros_test.elf.dir/Drivers/STM32F7xx_HAL_Driver/Src/stm32f7xx_hal.c.obj
LOAD CMakeFiles/micro_ros_test.elf.dir/Drivers/STM32F7xx_HAL_Driver/Src/stm32f7xx_hal_can.c.obj
LOAD CMakeFiles/micro_ros_test.elf.dir/Drivers/STM32F7xx_HAL_Driver/Src/stm32f7xx_hal_cortex.c.obj
LOAD CMakeFiles/micro_ros_test.elf.dir/Drivers/STM32F7xx_HAL_Driver/Src/stm32f7xx_hal_dma.c.obj
LOAD CMakeFiles/micro_ros_test.elf.dir/Drivers/STM32F7xx_HAL_Driver/Src/stm32f7xx_hal_dma_ex.c.obj
LOAD CMakeFiles/micro_ros_test.elf.dir/Drivers/STM32F7xx_HAL_Driver/Src/stm32f7xx_hal_exti.c.obj
LOAD CMakeFiles/micro_ros_test.elf.dir/Drivers/STM32F7xx_HAL_Driver/Src/stm32f7xx_hal_flash.c.obj
LOAD CMakeFiles/micro_ros_test.elf.dir/Drivers/STM32F7xx_HAL_Driver/Src/stm32f7xx_hal_flash_ex.c.obj
LOAD CMakeFiles/micro_ros_test.elf.dir/Drivers/STM32F7xx_HAL_Driver/Src/stm32f7xx_hal_gpio.c.obj
LOAD CMakeFiles/micro_ros_test.elf.dir/Drivers/STM32F7xx_HAL_Driver/Src/stm32f7xx_hal_i2c.c.obj
LOAD CMakeFiles/micro_ros_test.elf.dir/Drivers/STM32F7xx_HAL_Driver/Src/stm32f7xx_hal_i2c_ex.c.obj
LOAD CMakeFiles/micro_ros_test.elf.dir/Drivers/STM32F7xx_HAL_Driver/Src/stm32f7xx_hal_pcd.c.obj
LOAD CMakeFiles/micro_ros_test.elf.dir/Drivers/STM32F7xx_HAL_Driver/Src/stm32f7xx_hal_pcd_ex.c.obj
LOAD CMakeFiles/micro_ros_test.elf.dir/Drivers/STM32F7xx_HAL_Driver/Src/stm32f7xx_hal_pwr.c.obj
LOAD CMakeFiles/micro_ros_test.elf.dir/Drivers/STM32F7xx_HAL_Driver/Src/stm32f7xx_hal_pwr_ex.c.obj
LOAD CMakeFiles/micro_ros_test.elf.dir/Drivers/STM32F7xx_HAL_Driver/Src/stm32f7xx_hal_rcc.c.obj
LOAD CMakeFiles/micro_ros_test.elf.dir/Drivers/STM32F7xx_HAL_Driver/Src/stm32f7xx_hal_rcc_ex.c.obj
LOAD CMakeFiles/micro_ros_test.elf.dir/Drivers/STM32F7xx_HAL_Driver/Src/stm32f7xx_hal_tim.c.obj
LOAD CMakeFiles/micro_ros_test.elf.dir/Drivers/STM32F7xx_HAL_Driver/Src/stm32f7xx_hal_tim_ex.c.obj
LOAD CMakeFiles/micro_ros_test.elf.dir/Drivers/STM32F7xx_HAL_Driver/Src/stm32f7xx_hal_uart.c.obj
LOAD CMakeFiles/micro_ros_test.elf.dir/Drivers/STM32F7xx_HAL_Driver/Src/stm32f7xx_hal_uart_ex.c.obj
LOAD CMakeFiles/micro_ros_test.elf.dir/Drivers/STM32F7xx_HAL_Driver/Src/stm32f7xx_ll_usb.c.obj
LOAD CMakeFiles/micro_ros_test.elf.dir/Middlewares/ST/STM32_USB_Device_Library/Class/CDC/Src/usbd_cdc.c.obj
LOAD CMakeFiles/micro_ros_test.elf.dir/Middlewares/ST/STM32_USB_Device_Library/Core/Src/usbd_core.c.obj
LOAD CMakeFiles/micro_ros_test.elf.dir/Middlewares/ST/STM32_USB_Device_Library/Core/Src/usbd_ctlreq.c.obj
LOAD CMakeFiles/micro_ros_test.elf.dir/Middlewares/ST/STM32_USB_Device_Library/Core/Src/usbd_ioreq.c.obj
LOAD CMakeFiles/micro_ros_test.elf.dir/Middlewares/Third_Party/FreeRTOS/Source/CMSIS_RTOS_V2/cmsis_os2.c.obj
LOAD CMakeFiles/micro_ros_test.elf.dir/Middlewares/Third_Party/FreeRTOS/Source/croutine.c.obj
LOAD CMakeFiles/micro_ros_test.elf.dir/Middlewares/Third_Party/FreeRTOS/Source/event_groups.c.obj
LOAD CMakeFiles/micro_ros_test.elf.dir/Middlewares/Third_Party/FreeRTOS/Source/list.c.obj
LOAD CMakeFiles/micro_ros_test.elf.dir/Middlewares/Third_Party/FreeRTOS/Source/portable/GCC/ARM_CM7/r0p1/port.c.obj
LOAD CMakeFiles/micro_ros_test.elf.dir/Middlewares/Third_Party/FreeRTOS/Source/portable/MemMang/heap_4.c.obj
LOAD CMakeFiles/micro_ros_test.elf.dir/Middlewares/Third_Party/FreeRTOS/Source/queue.c.obj
LOAD CMakeFiles/micro_ros_test.elf.dir/Middlewares/Third_Party/FreeRTOS/Source/stream_buffer.c.obj
LOAD CMakeFiles/micro_ros_test.elf.dir/Middlewares/Third_Party/FreeRTOS/Source/tasks.c.obj
LOAD CMakeFiles/micro_ros_test.elf.dir/Middlewares/Third_Party/FreeRTOS/Source/timers.c.obj
LOAD CMakeFiles/micro_ros_test.elf.dir/USB_DEVICE/App/usb_device.c.obj
LOAD CMakeFiles/micro_ros_test.elf.dir/USB_DEVICE/App/usbd_cdc_if.c.obj
LOAD CMakeFiles/micro_ros_test.elf.dir/USB_DEVICE/App/usbd_desc.c.obj
LOAD CMakeFiles/micro_ros_test.elf.dir/USB_DEVICE/Target/usbd_conf.c.obj
LOAD CMakeFiles/micro_ros_test.elf.dir/micro_ros_stm32cubemx_utils/extra_sources/custom_memory_manager.c.obj
LOAD CMakeFiles/micro_ros_test.elf.dir/micro_ros_stm32cubemx_utils/extra_sources/microros_allocators.c.obj
LOAD CMakeFiles/micro_ros_test.elf.dir/micro_ros_stm32cubemx_utils/extra_sources/microros_time.c.obj
LOAD CMakeFiles/micro_ros_test.elf.dir/micro_ros_stm32cubemx_utils/extra_sources/microros_transports/dma_transport.c.obj
LOAD /home/emile/Documents/Code/micro_ros_test/micro_ros_stm32cubemx_utils/microros_static_library/libmicroros/libmicroros.a
START GROUP
LOAD /usr/lib/gcc/arm-none-eabi/10.3.1/thumb/v7e-m+fp/hard/libgcc.a
LOAD /usr/lib/gcc/arm-none-eabi/10.3.1/../../../arm-none-eabi/lib/thumb/v7e-m+fp/hard/libg.a
LOAD /usr/lib/gcc/arm-none-eabi/10.3.1/../../../arm-none-eabi/lib/thumb/v7e-m+fp/hard/libc.a
END GROUP
LOAD /usr/lib/gcc/arm-none-eabi/10.3.1/thumb/v7e-m+fp/hard/crtend.o
LOAD /usr/lib/gcc/arm-none-eabi/10.3.1/thumb/v7e-m+fp/hard/crtn.o
                0x0000000020080000                _estack = (ORIGIN (RAM) + LENGTH (RAM))
                0x0000000000000200                _Min_Heap_Size = 0x200
                0x0000000000000400                _Min_Stack_Size = 0x400

.isr_vector     0x0000000008000000      0x1f8
                0x0000000008000000                . = ALIGN (0x4)
 *(.isr_vector)
 .isr_vector    0x0000000008000000      0x1f8 CMakeFiles/micro_ros_test.elf.dir/Core/Startup/startup_stm32f767zitx.s.obj
                0x0000000008000000                g_pfnVectors
                0x00000000080001f8                . = ALIGN (0x4)

.text           0x0000000008000200    0x1eb04
                0x0000000008000200                . = ALIGN (0x4)
 *(.text)
 .text          0x0000000008000200       0x88 /usr/lib/gcc/arm-none-eabi/10.3.1/thumb/v7e-m+fp/hard/crtbegin.o
 .text          0x0000000008000288      0x5a0 /home/emile/Documents/Code/micro_ros_test/micro_ros_stm32cubemx_utils/microros_static_library/libmicroros/libmicroros.a(librcl-publisher.c.obj)
                0x0000000008000288                rcl_get_zero_initialized_publisher
                0x0000000008000294                rcl_publisher_init
                0x00000000080003c8                rcl_publisher_fini
                0x0000000008000420                rcl_publisher_get_default_options
                0x000000000800047c                rcl_borrow_loaned_message
                0x00000000080004c0                rcl_return_loaned_message_from_publisher
                0x0000000008000504                rcl_publish
                0x000000000800054c                rcl_publish_serialized_message
                0x0000000008000598                rcl_publish_loaned_message
                0x00000000080005e0                rcl_publisher_assert_liveliness
                0x000000000800061c                rcl_publisher_wait_for_all_acked
                0x00000000080006f0                rcl_publisher_get_topic_name
                0x0000000008000700                rcl_publisher_get_options
                0x0000000008000714                rcl_publisher_get_rmw_handle
                0x0000000008000720                rcl_publisher_get_context
                0x0000000008000738                rcl_publisher_is_valid
                0x0000000008000768                rcl_publisher_is_valid_except_context
                0x000000000800077c                rcl_publisher_get_subscription_count
                0x00000000080007c4                rcl_publisher_get_actual_qos
                0x00000000080007d8                rcl_publisher_can_loan_messages
 .text          0x0000000008000828      0x154 /home/emile/Documents/Code/micro_ros_test/micro_ros_stm32cubemx_utils/microros_static_library/libmicroros/libmicroros.a(librclc-init.c.obj)
                0x0000000008000828                rclc_support_init
                0x00000000080008bc                rclc_support_init_with_options
                0x0000000008000928                rclc_support_fini
 .text          0x000000000800097c       0xfc /home/emile/Documents/Code/micro_ros_test/micro_ros_stm32cubemx_utils/microros_static_library/libmicroros/libmicroros.a(librclc-node.c.obj)
                0x000000000800097c                rclc_node_init_default
                0x0000000008000a00                rclc_node_init_with_options
 .text          0x0000000008000a78      0x168 /home/emile/Documents/Code/micro_ros_test/micro_ros_stm32cubemx_utils/microros_static_library/libmicroros/libmicroros.a(librclc-publisher.c.obj)
                0x0000000008000a78                rclc_publisher_init_default
                0x0000000008000aec                rclc_publisher_init_best_effort
                0x0000000008000b60                rclc_publisher_init
 .text          0x0000000008000be0       0xd8 /home/emile/Documents/Code/micro_ros_test/micro_ros_stm32cubemx_utils/microros_static_library/libmicroros/libmicroros.a(librcutils-allocator.c.obj)
                0x0000000008000bf0                rcutils_get_zero_initialized_allocator
                0x0000000008000c0c                rcutils_set_default_allocator
                0x0000000008000c48                rcutils_get_default_allocator
                0x0000000008000c64                rcutils_allocator_is_valid
                0x0000000008000c80                rcutils_reallocf
 .text          0x0000000008000cb8       0xc0 /home/emile/Documents/Code/micro_ros_test/micro_ros_stm32cubemx_utils/microros_static_library/libmicroros/libmicroros.a(librcutils-error_handling.c.obj)
                0x0000000008000cb8                rcutils_initialize_error_handling_thread_local_storage
                0x0000000008000d08                rcutils_set_error_state
                0x0000000008000d28                rcutils_error_is_set
                0x0000000008000d34                rcutils_get_error_state
                0x0000000008000d3c                rcutils_get_error_string
                0x0000000008000d5c                rcutils_reset_error
 .text          0x0000000008000d78        0x8 /home/emile/Documents/Code/micro_ros_test/micro_ros_stm32cubemx_utils/microros_static_library/libmicroros/libmicroros.a(librmw-publisher_options.c.obj)
                0x0000000008000d78                rmw_get_default_publisher_options
 .text          0x0000000008000d80       0x5c /home/emile/Documents/Code/micro_ros_test/micro_ros_stm32cubemx_utils/microros_static_library/libmicroros/libmicroros.a(librmw_microxrcedds-custom_transport.c.obj)
                0x0000000008000d80                rmw_uros_set_custom_transport
                0x0000000008000dac                rmw_uros_options_set_custom_transport
 .text          0x0000000008000ddc       0xdc /home/emile/Documents/Code/micro_ros_test/micro_ros_stm32cubemx_utils/microros_static_library/libmicroros/libmicroros.a(librmw_microxrcedds-rmw_publish.c.obj)
                0x0000000008000ddc                flush_session
                0x0000000008000de4                rmw_publish
                0x0000000008000ea4                rmw_publish_serialized_message
                0x0000000008000ea8                rmw_publish_loaned_message
                0x0000000008000eac                rmw_publisher_wait_for_all_acked
 .text          0x0000000008000eb8      0x2b0 /home/emile/Documents/Code/micro_ros_test/micro_ros_stm32cubemx_utils/microros_static_library/libmicroros/libmicroros.a(librmw_microxrcedds-rmw_publisher.c.obj)
                0x0000000008000eb8                rmw_init_publisher_allocation
                0x0000000008000ebc                rmw_fini_publisher_allocation
                0x0000000008000ec0                rmw_create_publisher
                0x0000000008001088                rmw_publisher_count_matched_subscriptions
                0x000000000800108c                rmw_publisher_assert_liveliness
                0x0000000008001090                rmw_publisher_get_actual_qos
                0x00000000080010b8                rmw_borrow_loaned_message
                0x00000000080010bc                rmw_return_loaned_message_from_publisher
                0x00000000080010c0                rmw_destroy_publisher
 .text          0x0000000008001168      0x5f0 /home/emile/Documents/Code/micro_ros_test/micro_ros_stm32cubemx_utils/microros_static_library/libmicroros/libmicroros.a(librmw_microxrcedds-types.c.obj)
                0x0000000008001168                rmw_uxrce_init_service_memory
                0x00000000080011a8                rmw_uxrce_init_client_memory
                0x00000000080011e8                rmw_uxrce_init_publisher_memory
                0x0000000008001228                rmw_uxrce_init_subscription_memory
                0x0000000008001268                rmw_uxrce_init_node_memory
                0x00000000080012a8                rmw_uxrce_init_session_memory
                0x00000000080012e8                rmw_uxrce_init_topic_memory
                0x0000000008001328                rmw_uxrce_init_static_input_buffer_memory
                0x0000000008001368                rmw_uxrce_init_init_options_impl_memory
                0x00000000080013a8                rmw_uxrce_init_wait_set_memory
                0x00000000080013e8                rmw_uxrce_init_guard_condition_memory
                0x0000000008001428                rmw_uxrce_fini_session_memory
                0x0000000008001434                rmw_uxrce_fini_node_memory
                0x0000000008001464                rmw_uxrce_fini_publisher_memory
                0x0000000008001490                rmw_uxrce_fini_subscription_memory
                0x00000000080014bc                rmw_uxrce_fini_service_memory
                0x00000000080014e8                rmw_uxrce_fini_client_memory
                0x0000000008001514                rmw_uxrce_fini_topic_memory
                0x000000000800152c                rmw_uxrce_count_static_input_buffer_for_entity
                0x0000000008001554                rmw_uxrce_get_static_input_buffer_for_entity
                0x000000000800160c                rmw_uxrce_find_static_input_buffer_by_owner
                0x000000000800165c                rmw_uxrce_clean_expired_static_input_buffer
 .text          0x0000000008001758      0x810 /home/emile/Documents/Code/micro_ros_test/micro_ros_stm32cubemx_utils/microros_static_library/libmicroros/libmicroros.a(librmw_microxrcedds-utils.c.obj)
                0x0000000008001758                run_xrce_session
                0x0000000008001790                convert_qos_profile
                0x00000000080017c0                build_participant_xml
                0x00000000080017e0                generate_service_topics
                0x0000000008001840                generate_service_types
                0x000000000800190c                build_service_xml
                0x0000000008001a74                build_publisher_xml
                0x0000000008001a7c                build_subscriber_xml
                0x0000000008001a84                generate_name
                0x0000000008001ab0                generate_type_name
                0x0000000008001b0c                generate_topic_name
                0x0000000008001b3c                build_topic_xml
                0x0000000008001c0c                build_xml
                0x0000000008001ce8                build_datawriter_xml
                0x0000000008001dc8                build_datareader_xml
                0x0000000008001ea8                build_participant_profile
                0x0000000008001ee0                build_topic_profile
                0x0000000008001f04                build_datawriter_profile
                0x0000000008001f28                build_datareader_profile
                0x0000000008001f4c                is_uxrce_rmw_identifier_valid
 .text          0x0000000008001f68       0x18 /home/emile/Documents/Code/micro_ros_test/micro_ros_stm32cubemx_utils/microros_static_library/libmicroros/libmicroros.a(librosidl_runtime_c-message_type_support.c.obj)
                0x0000000008001f68                get_message_typesupport_handle
                0x0000000008001f6c                get_message_typesupport_handle_function
 .text          0x0000000008001f80       0x1c /home/emile/Documents/Code/micro_ros_test/micro_ros_stm32cubemx_utils/microros_static_library/libmicroros/libmicroros.a(libstd_msgs__rosidl_typesupport_c-int32__type_support.cpp.obj)
                0x0000000008001f80                rosidl_typesupport_c__get_message_type_support_handle__std_msgs__msg__Int32
 .text          0x0000000008001f9c       0x24 /home/emile/Documents/Code/micro_ros_test/micro_ros_stm32cubemx_utils/microros_static_library/libmicroros/libmicroros.a(libstd_msgs__rosidl_typesupport_introspection_c-int32__type_support.c.obj)
                0x0000000008001f9c                std_msgs__msg__Int32__rosidl_typesupport_introspection_c__Int32_init_function
                0x0000000008001fa0                std_msgs__msg__Int32__rosidl_typesupport_introspection_c__Int32_fini_function
                0x0000000008001fa4                rosidl_typesupport_introspection_c__get_message_type_support_handle__std_msgs__msg__Int32
 .text          0x0000000008001fc0       0x70 /home/emile/Documents/Code/micro_ros_test/micro_ros_stm32cubemx_utils/microros_static_library/libmicroros/libmicroros.a(libstd_msgs__rosidl_typesupport_microxrcedds_c-int32__type_support_c.c.obj)
                0x0000000008001fdc                get_serialized_size_std_msgs__msg__Int32
                0x0000000008002014                max_serialized_size_std_msgs__msg__Int32
                0x0000000008002028                rosidl_typesupport_microxrcedds_c__get_message_type_support_handle__std_msgs__msg__Int32
 .text          0x0000000008002030       0x28 /home/emile/Documents/Code/micro_ros_test/micro_ros_stm32cubemx_utils/microros_static_library/libmicroros/libmicroros.a(librcl-common.c.obj)
                0x0000000008002030                rcl_convert_rmw_ret_to_rcl_ret
 .text          0x0000000008002058      0x140 /home/emile/Documents/Code/micro_ros_test/micro_ros_stm32cubemx_utils/microros_static_library/libmicroros/libmicroros.a(librcl-context.c.obj)
                0x0000000008002058                rcl_get_zero_initialized_context
                0x000000000800206c                rcl_context_get_init_options
                0x0000000008002078                rcl_context_get_instance_id
                0x0000000008002080                rcl_context_get_domain_id
                0x000000000800209c                rcl_context_is_valid
                0x00000000080020a8                rcl_context_get_rmw_context
                0x00000000080020b4                __cleanup_context
                0x0000000008002174                rcl_context_fini
 .text          0x0000000008002198      0x248 /home/emile/Documents/Code/micro_ros_test/micro_ros_stm32cubemx_utils/microros_static_library/libmicroros/libmicroros.a(librcl-init.c.obj)
                0x0000000008002198                rcl_init
                0x00000000080023a4                rcl_shutdown
 .text          0x00000000080023e0      0x23c /home/emile/Documents/Code/micro_ros_test/micro_ros_stm32cubemx_utils/microros_static_library/libmicroros/libmicroros.a(librcl-init_options.c.obj)
                0x00000000080023e0                rcl_get_zero_initialized_init_options
                0x00000000080023e4                rcl_init_options_init
                0x00000000080024b0                rcl_init_options_fini
                0x0000000008002504                rcl_init_options_copy
                0x00000000080025e0                rcl_init_options_get_domain_id
                0x00000000080025f8                rcl_init_options_set_domain_id
                0x0000000008002608                rcl_init_options_get_rmw_init_options
                0x0000000008002614                rcl_init_options_get_allocator
 .text          0x000000000800261c       0x44 /home/emile/Documents/Code/micro_ros_test/micro_ros_stm32cubemx_utils/microros_static_library/libmicroros/libmicroros.a(librcl-localhost.c.obj)
                0x000000000800261c                rcl_get_localhost_only
 .text          0x0000000008002660      0x4a0 /home/emile/Documents/Code/micro_ros_test/micro_ros_stm32cubemx_utils/microros_static_library/libmicroros/libmicroros.a(librcl-node.c.obj)
                0x0000000008002660                rcl_create_node_logger_name
                0x00000000080026e0                rcl_get_zero_initialized_node
                0x00000000080026f4                rcl_node_init
                0x0000000008002984                rcl_node_fini
                0x00000000080029d8                rcl_node_is_valid_except_context
                0x00000000080029e8                rcl_node_is_valid
                0x00000000080029fc                rcl_node_get_name
                0x0000000008002a0c                rcl_node_get_namespace
                0x0000000008002a1c                rcl_node_get_fully_qualified_name
                0x0000000008002a30                rcl_node_get_options
                0x0000000008002a40                rcl_node_get_domain_id
                0x0000000008002a74                rcl_node_get_rmw_handle
                0x0000000008002a80                rcl_node_get_rcl_instance_id
                0x0000000008002a98                rcl_node_get_graph_guard_condition
                0x0000000008002aac                rcl_node_get_logger_name
                0x0000000008002ac0                rcl_get_disable_loaned_message
 .text          0x0000000008002b00       0x98 /home/emile/Documents/Code/micro_ros_test/micro_ros_stm32cubemx_utils/microros_static_library/libmicroros/libmicroros.a(librcl-node_options.c.obj)
                0x0000000008002b00                rcl_node_get_default_options
                0x0000000008002b1c                rcl_node_options_copy
                0x0000000008002b60                rcl_node_options_fini
 .text          0x0000000008002b98      0x1ac /home/emile/Documents/Code/micro_ros_test/micro_ros_stm32cubemx_utils/microros_static_library/libmicroros/libmicroros.a(librcl-node_resolve_name.c.obj)
                0x0000000008002b98                rcl_node_resolve_name
 .text          0x0000000008002d44      0x284 /home/emile/Documents/Code/micro_ros_test/micro_ros_stm32cubemx_utils/microros_static_library/libmicroros/libmicroros.a(librcl-security.c.obj)
                0x0000000008002d44                rcl_security_enabled
                0x0000000008002d88                rcl_get_enforcement_policy
                0x0000000008002dcc                exact_match_lookup
                0x0000000008002e50                rcl_get_secure_root
                0x0000000008002f24                rcl_get_security_options_from_environment
 .text          0x0000000008002fc8      0x858 /home/emile/Documents/Code/micro_ros_test/micro_ros_stm32cubemx_utils/microros_static_library/libmicroros/libmicroros.a(librcl-time.c.obj)
                0x00000000080030d0                rcl_clock_time_started
                0x0000000008003108                rcl_clock_valid
                0x000000000800311c                rcl_clock_init
                0x000000000800322c                rcl_clock_fini
                0x0000000008003290                rcl_ros_clock_init
                0x00000000080032fc                rcl_ros_clock_fini
                0x0000000008003334                rcl_steady_clock_init
                0x0000000008003374                rcl_steady_clock_fini
                0x00000000080033a0                rcl_system_clock_init
                0x00000000080033e0                rcl_system_clock_fini
                0x000000000800340c                rcl_difference_times
                0x000000000800344c                rcl_clock_get_now
                0x0000000008003464                rcl_enable_ros_time_override
                0x0000000008003520                rcl_disable_ros_time_override
                0x00000000080035dc                rcl_is_enabled_ros_time_override
                0x0000000008003600                rcl_set_ros_time_override
                0x000000000800368c                rcl_clock_add_jump_callback
                0x0000000008003754                rcl_clock_remove_jump_callback
 .text          0x0000000008003820       0xf0 /home/emile/Documents/Code/micro_ros_test/micro_ros_stm32cubemx_utils/microros_static_library/libmicroros/libmicroros.a(librcl-validate_enclave_name.c.obj)
                0x0000000008003820                rcl_validate_enclave_name_with_size
                0x00000000080038d8                rcl_validate_enclave_name
                0x00000000080038f8                rcl_enclave_name_validation_result_string
 .text          0x0000000008003910      0x274 /home/emile/Documents/Code/micro_ros_test/micro_ros_stm32cubemx_utils/microros_static_library/libmicroros/libmicroros.a(librcutils-atomic_64bits.c.obj)
                0x0000000008003910                lock_memory
                0x0000000008003970                unlock_memory
                0x00000000080039bc                __atomic_load_8
                0x0000000008003a28                __atomic_store_8
                0x0000000008003a94                __atomic_exchange_8
                0x0000000008003b04                __atomic_fetch_add_8
 .text          0x0000000008003b84       0x68 /home/emile/Documents/Code/micro_ros_test/micro_ros_stm32cubemx_utils/microros_static_library/libmicroros/libmicroros.a(librcutils-env.c.obj)
                0x0000000008003b84                rcutils_set_env
                0x0000000008003ba4                rcutils_get_env
                0x0000000008003bd4                rcutils_get_home_dir
 .text          0x0000000008003bec       0x80 /home/emile/Documents/Code/micro_ros_test/micro_ros_stm32cubemx_utils/microros_static_library/libmicroros/libmicroros.a(librcutils-filesystem.c.obj)
                0x0000000008003bec                rcutils_get_cwd
                0x0000000008003bf0                rcutils_is_directory
                0x0000000008003bf4                rcutils_is_file
                0x0000000008003bf8                rcutils_exists
                0x0000000008003bfc                rcutils_is_readable
                0x0000000008003c00                rcutils_is_writable
                0x0000000008003c04                rcutils_is_readable_and_writable
                0x0000000008003c08                rcutils_join_path
                0x0000000008003c14                rcutils_to_native_path
                0x0000000008003c24                rcutils_expand_user
                0x0000000008003c34                rcutils_mkdir
                0x0000000008003c38                rcutils_calculate_directory_size
                0x0000000008003c44                rcutils_calculate_directory_size_with_recursion
                0x0000000008003c50                rcutils_dir_iter_start
                0x0000000008003c60                rcutils_dir_iter_next
                0x0000000008003c64                rcutils_dir_iter_end
                0x0000000008003c68                rcutils_get_file_size
 .text          0x0000000008003c6c       0x74 /home/emile/Documents/Code/micro_ros_test/micro_ros_stm32cubemx_utils/microros_static_library/libmicroros/libmicroros.a(librcutils-format_string.c.obj)
                0x0000000008003c6c                rcutils_format_string_limit
 .text          0x0000000008003ce0      0x164 /home/emile/Documents/Code/micro_ros_test/micro_ros_stm32cubemx_utils/microros_static_library/libmicroros/libmicroros.a(librcutils-repl_str.c.obj)
                0x0000000008003ce0                rcutils_repl_str
 .text          0x0000000008003e44       0x9c /home/emile/Documents/Code/micro_ros_test/micro_ros_stm32cubemx_utils/microros_static_library/libmicroros/libmicroros.a(librcutils-snprintf.c.obj)
                0x0000000008003e44                rcutils_snprintf
                0x0000000008003ea0                rcutils_vsnprintf
 .text          0x0000000008003ee0       0x7c /home/emile/Documents/Code/micro_ros_test/micro_ros_stm32cubemx_utils/microros_static_library/libmicroros/libmicroros.a(librcutils-strdup.c.obj)
                0x0000000008003ee0                rcutils_strdup
                0x0000000008003f24                rcutils_strndup
 .text          0x0000000008003f5c      0x884 /home/emile/Documents/Code/micro_ros_test/micro_ros_stm32cubemx_utils/microros_static_library/libmicroros/libmicroros.a(librcutils-string_map.c.obj)
                0x0000000008003f5c                rcutils_get_zero_initialized_string_map
                0x0000000008003f68                rcutils_string_map_get_capacity
                0x0000000008003f80                rcutils_string_map_get_size
                0x0000000008003f98                rcutils_string_map_reserve
                0x0000000008004078                rcutils_string_map_init
                0x00000000080040f8                rcutils_string_map_fini
                0x0000000008004184                rcutils_string_map_clear
                0x00000000080041f4                rcutils_string_map_set_no_resize
                0x0000000008004384                rcutils_string_map_set
                0x00000000080043d4                rcutils_string_map_unset
                0x000000000800448c                rcutils_string_map_key_exists
                0x00000000080044e4                rcutils_string_map_key_existsn
                0x0000000008004550                rcutils_string_map_get
                0x00000000080045b4                rcutils_string_map_getn
                0x0000000008004618                rcutils_string_map_get_next_key
                0x0000000008004688                rcutils_string_map_copy
 .text          0x00000000080047e0       0x98 /home/emile/Documents/Code/micro_ros_test/micro_ros_stm32cubemx_utils/microros_static_library/libmicroros/libmicroros.a(librcutils-time_unix.c.obj)
                0x00000000080047e0                rcutils_system_time_now
                0x000000000800482c                rcutils_steady_time_now
 .text          0x0000000008004878       0x28 /home/emile/Documents/Code/micro_ros_test/micro_ros_stm32cubemx_utils/microros_static_library/libmicroros/libmicroros.a(librmw-init.c.obj)
                0x0000000008004878                rmw_get_zero_initialized_context
 .text          0x00000000080048a0       0x20 /home/emile/Documents/Code/micro_ros_test/micro_ros_stm32cubemx_utils/microros_static_library/libmicroros/libmicroros.a(librmw-init_options.c.obj)
                0x00000000080048a0                rmw_get_zero_initialized_init_options
 .text          0x00000000080048c0       0xf4 /home/emile/Documents/Code/micro_ros_test/micro_ros_stm32cubemx_utils/microros_static_library/libmicroros/libmicroros.a(librmw-security_options.c.obj)
                0x00000000080048c0                rmw_get_zero_initialized_security_options
                0x00000000080048c8                rmw_get_default_security_options
                0x00000000080048d0                rmw_security_options_copy
                0x000000000800492c                rmw_security_options_set_root_path
                0x0000000008004988                rmw_security_options_fini
 *fill*         0x00000000080049b4        0x4 
 .text          0x00000000080049b8      0x210 /home/emile/Documents/Code/micro_ros_test/micro_ros_stm32cubemx_utils/microros_static_library/libmicroros/libmicroros.a(librmw-time.c.obj)
                0x00000000080049b8                rmw_time_equal
                0x0000000008004a64                rmw_time_total_nsec
                0x0000000008004ac8                rmw_time_from_nsec
                0x0000000008004b1c                rmw_time_normalize
 .text          0x0000000008004bc8      0x218 /home/emile/Documents/Code/micro_ros_test/micro_ros_stm32cubemx_utils/microros_static_library/libmicroros/libmicroros.a(librmw-validate_full_topic_name.c.obj)
                0x0000000008004bc8                rmw_validate_full_topic_name
                0x0000000008004cc0                rmw_validate_full_topic_name_with_size
                0x0000000008004dc8                rmw_full_topic_name_validation_result_string
 .text          0x0000000008004de0       0xe0 /home/emile/Documents/Code/micro_ros_test/micro_ros_stm32cubemx_utils/microros_static_library/libmicroros/libmicroros.a(librmw-validate_namespace.c.obj)
                0x0000000008004de0                rmw_validate_namespace_with_size
                0x0000000008004e88                rmw_validate_namespace
                0x0000000008004ea8                rmw_namespace_validation_result_string
 .text          0x0000000008004ec0      0x164 /home/emile/Documents/Code/micro_ros_test/micro_ros_stm32cubemx_utils/microros_static_library/libmicroros/libmicroros.a(librmw-validate_node_name.c.obj)
                0x0000000008004ec0                rmw_validate_node_name
                0x0000000008004f68                rmw_validate_node_name_with_size
                0x000000000800500c                rmw_node_name_validation_result_string
 .text          0x0000000008005024       0x54 /home/emile/Documents/Code/micro_ros_test/micro_ros_stm32cubemx_utils/microros_static_library/libmicroros/libmicroros.a(librmw_microxrcedds-memory.c.obj)
                0x0000000008005024                has_memory
                0x0000000008005030                get_memory
                0x0000000008005050                put_memory
 .text          0x0000000008005078        0xc /home/emile/Documents/Code/micro_ros_test/micro_ros_stm32cubemx_utils/microros_static_library/libmicroros/libmicroros.a(librmw_microxrcedds-rmw_get_implementation_identifier.c.obj)
                0x0000000008005078                rmw_get_implementation_identifier
 .text          0x0000000008005084      0x594 /home/emile/Documents/Code/micro_ros_test/micro_ros_stm32cubemx_utils/microros_static_library/libmicroros/libmicroros.a(librmw_microxrcedds-rmw_init.c.obj)
                0x0000000008005084                rmw_init_options_init
                0x0000000008005154                rmw_init_options_copy
                0x00000000080051f8                rmw_init_options_fini
                0x0000000008005280                rmw_init
                0x00000000080054ec                rmw_shutdown
                0x00000000080055b4                rmw_context_fini
 .text          0x0000000008005618      0x140 /home/emile/Documents/Code/micro_ros_test/micro_ros_stm32cubemx_utils/microros_static_library/libmicroros/libmicroros.a(librmw_microxrcedds-rmw_microxrcedds_topic.c.obj)
                0x0000000008005618                create_topic
                0x00000000080056b8                destroy_topic
                0x00000000080056fc                topic_count
 .text          0x0000000008005758      0x230 /home/emile/Documents/Code/micro_ros_test/micro_ros_stm32cubemx_utils/microros_static_library/libmicroros/libmicroros.a(librmw_microxrcedds-rmw_node.c.obj)
                0x0000000008005758                create_node
                0x0000000008005858                rmw_create_node
                0x000000000800587c                rmw_destroy_node
                0x0000000008005978                rmw_node_assert_liveliness
                0x000000000800597c                rmw_node_get_graph_guard_condition
 .text          0x0000000008005988      0x284 /home/emile/Documents/Code/micro_ros_test/micro_ros_stm32cubemx_utils/microros_static_library/libmicroros/libmicroros.a(librmw_microxrcedds-rmw_service.c.obj)
                0x0000000008005988                rmw_create_service
                0x0000000008005b34                rmw_destroy_service
                0x0000000008005bbc                rmw_service_response_publisher_get_actual_qos
                0x0000000008005be4                rmw_service_request_subscription_get_actual_qos
 .text          0x0000000008005c0c      0x2ec /home/emile/Documents/Code/micro_ros_test/micro_ros_stm32cubemx_utils/microros_static_library/libmicroros/libmicroros.a(librmw_microxrcedds-rmw_subscription.c.obj)
                0x0000000008005c0c                rmw_init_subscription_allocation
                0x0000000008005c10                rmw_fini_subscription_allocation
                0x0000000008005c14                rmw_create_subscription
                0x0000000008005e00                rmw_subscription_count_matched_publishers
                0x0000000008005e04                rmw_subscription_get_actual_qos
                0x0000000008005e2c                rmw_destroy_subscription
                0x0000000008005ef0                rmw_subscription_set_content_filter
                0x0000000008005ef4                rmw_subscription_get_content_filter
 .text          0x0000000008005ef8       0x30 /home/emile/Documents/Code/micro_ros_test/micro_ros_stm32cubemx_utils/microros_static_library/libmicroros/libmicroros.a(librmw_microxrcedds-rmw_uxrce_transports.c.obj)
                0x0000000008005ef8                rmw_uxrce_transport_init
 .text          0x0000000008005f28       0x70 /home/emile/Documents/Code/micro_ros_test/micro_ros_stm32cubemx_utils/microros_static_library/libmicroros/libmicroros.a(librmw_microxrcedds-time_sync.c.obj)
                0x0000000008005f28                rmw_uros_epoch_synchronized
                0x0000000008005f3c                rmw_uros_epoch_millis
                0x0000000008005f58                rmw_uros_epoch_nanos
                0x0000000008005f74                rmw_uros_sync_session
 .text          0x0000000008005f98       0x18 /home/emile/Documents/Code/micro_ros_test/micro_ros_stm32cubemx_utils/microros_static_library/libmicroros/libmicroros.a(librosidl_runtime_c-service_type_support.c.obj)
                0x0000000008005f98                get_service_typesupport_handle
                0x0000000008005f9c                get_service_typesupport_handle_function
 .text          0x0000000008005fb0       0x5c /home/emile/Documents/Code/micro_ros_test/micro_ros_stm32cubemx_utils/microros_static_library/libmicroros/libmicroros.a(librosidl_typesupport_c-message_type_support_dispatch.cpp.obj)
                0x0000000008005fb0                rosidl_typesupport_c__get_message_typesupport_handle_function
 .text          0x000000000800600c      0x218 /home/emile/Documents/Code/micro_ros_test/micro_ros_stm32cubemx_utils/microros_static_library/libmicroros/libmicroros.a(libstd_msgs__rosidl_generator_c-int32__functions.c.obj)
                0x000000000800600c                std_msgs__msg__Int32__init
                0x0000000008006014                std_msgs__msg__Int32__fini
                0x0000000008006018                std_msgs__msg__Int32__are_equal
                0x0000000008006030                std_msgs__msg__Int32__copy
                0x0000000008006040                std_msgs__msg__Int32__create
                0x0000000008006060                std_msgs__msg__Int32__destroy
                0x000000000800607c                std_msgs__msg__Int32__Sequence__init
                0x00000000080060b0                std_msgs__msg__Int32__Sequence__fini
                0x00000000080060d8                std_msgs__msg__Int32__Sequence__create
                0x0000000008006128                std_msgs__msg__Int32__Sequence__destroy
                0x000000000800615c                std_msgs__msg__Int32__Sequence__are_equal
                0x00000000080061b4                std_msgs__msg__Int32__Sequence__copy
 .text          0x0000000008006224       0x68 /home/emile/Documents/Code/micro_ros_test/micro_ros_stm32cubemx_utils/microros_static_library/libmicroros/libmicroros.a(librcl-domain_id.c.obj)
                0x0000000008006224                rcl_get_default_domain_id
 .text          0x000000000800628c      0x2cc /home/emile/Documents/Code/micro_ros_test/micro_ros_stm32cubemx_utils/microros_static_library/libmicroros/libmicroros.a(librcl-expand_topic_name.c.obj)
                0x000000000800628c                rcl_expand_topic_name
                0x000000000800654c                rcl_get_default_topic_name_substitutions
 .text          0x0000000008006558      0x2c4 /home/emile/Documents/Code/micro_ros_test/micro_ros_stm32cubemx_utils/microros_static_library/libmicroros/libmicroros.a(librcl-guard_condition.c.obj)
                0x0000000008006558                rcl_get_zero_initialized_guard_condition
                0x000000000800656c                __rcl_guard_condition_init_from_rmw_impl
                0x000000000800660c                rcl_guard_condition_init
                0x00000000080066a8                rcl_guard_condition_init_from_rmw
                0x0000000008006760                rcl_guard_condition_fini
                0x00000000080067ac                rcl_guard_condition_get_default_options
                0x00000000080067e4                rcl_trigger_guard_condition
                0x0000000008006804                rcl_guard_condition_get_options
                0x0000000008006810                rcl_guard_condition_get_rmw_handle
 .text          0x000000000800681c      0x34c /home/emile/Documents/Code/micro_ros_test/micro_ros_stm32cubemx_utils/microros_static_library/libmicroros/libmicroros.a(librcl-validate_topic_name.c.obj)
                0x000000000800681c                rcl_validate_topic_name
                0x00000000080069a4                rcl_validate_topic_name_with_size
                0x0000000008006b50                rcl_topic_name_validation_result_string
 .text          0x0000000008006b68      0x1d0 /home/emile/Documents/Code/micro_ros_test/micro_ros_stm32cubemx_utils/microros_static_library/libmicroros/libmicroros.a(librmw_microxrcedds-callbacks.c.obj)
                0x0000000008006b68                on_status
                0x0000000008006b70                on_topic
                0x0000000008006c08                on_request
                0x0000000008006ca4                on_reply
 .text          0x0000000008006d38      0x284 /home/emile/Documents/Code/micro_ros_test/micro_ros_stm32cubemx_utils/microros_static_library/libmicroros/libmicroros.a(librmw_microxrcedds-rmw_client.c.obj)
                0x0000000008006d38                rmw_create_client
                0x0000000008006ee4                rmw_destroy_client
                0x0000000008006f6c                rmw_client_request_publisher_get_actual_qos
                0x0000000008006f94                rmw_client_response_subscription_get_actual_qos
 .text          0x0000000008006fbc       0x54 /home/emile/Documents/Code/micro_ros_test/micro_ros_stm32cubemx_utils/microros_static_library/libmicroros/libmicroros.a(librmw_microxrcedds-rmw_guard_condition.c.obj)
                0x0000000008006fbc                rmw_create_guard_condition
                0x0000000008006fe8                rmw_destroy_guard_condition
 .text          0x0000000008007010       0x20 /home/emile/Documents/Code/micro_ros_test/micro_ros_stm32cubemx_utils/microros_static_library/libmicroros/libmicroros.a(librmw_microxrcedds-rmw_trigger_guard_condition.c.obj)
                0x0000000008007010                rmw_trigger_guard_condition
 .text          0x0000000008007030       0xa0 /usr/lib/gcc/arm-none-eabi/10.3.1/thumb/v7e-m+fp/hard/libgcc.a(_aeabi_ldivmod.o)
                0x0000000008007030                __aeabi_ldivmod
 .text          0x00000000080070d0       0x30 /usr/lib/gcc/arm-none-eabi/10.3.1/thumb/v7e-m+fp/hard/libgcc.a(_aeabi_uldivmod.o)
                0x00000000080070d0                __aeabi_uldivmod
 .text          0x0000000008007100      0x2d0 /usr/lib/gcc/arm-none-eabi/10.3.1/thumb/v7e-m+fp/hard/libgcc.a(_udivmoddi4.o)
                0x0000000008007100                __udivmoddi4
 .text          0x00000000080073d0        0x4 /usr/lib/gcc/arm-none-eabi/10.3.1/thumb/v7e-m+fp/hard/libgcc.a(_dvmd_tls.o)
                0x00000000080073d0                __aeabi_ldiv0
                0x00000000080073d0                __aeabi_idiv0
 .text          0x00000000080073d4        0xc /usr/lib/gcc/arm-none-eabi/10.3.1/../../../arm-none-eabi/lib/thumb/v7e-m+fp/hard/libg.a(lib_a-atexit.o)
                0x00000000080073d4                atexit
 .text          0x00000000080073e0       0x18 /usr/lib/gcc/arm-none-eabi/10.3.1/../../../arm-none-eabi/lib/thumb/v7e-m+fp/hard/libg.a(lib_a-calloc.o)
                0x00000000080073e0                calloc
 .text          0x00000000080073f8       0x60 /usr/lib/gcc/arm-none-eabi/10.3.1/../../../arm-none-eabi/lib/thumb/v7e-m+fp/hard/libg.a(lib_a-callocr.o)
                0x00000000080073f8                _calloc_r
 .text          0x0000000008007458        0xc /usr/lib/gcc/arm-none-eabi/10.3.1/../../../arm-none-eabi/lib/thumb/v7e-m+fp/hard/libg.a(lib_a-errno.o)
                0x0000000008007458                __errno
 .text          0x0000000008007464       0x2c /usr/lib/gcc/arm-none-eabi/10.3.1/../../../arm-none-eabi/lib/thumb/v7e-m+fp/hard/libg.a(lib_a-fini.o)
                0x0000000008007464                __libc_fini_array
 .text          0x0000000008007490       0x34 /usr/lib/gcc/arm-none-eabi/10.3.1/../../../arm-none-eabi/lib/thumb/v7e-m+fp/hard/libg.a(lib_a-getenv.o)
                0x0000000008007490                _findenv
                0x00000000080074a8                getenv
 .text          0x00000000080074c4       0x90 /usr/lib/gcc/arm-none-eabi/10.3.1/../../../arm-none-eabi/lib/thumb/v7e-m+fp/hard/libg.a(lib_a-getenv_r.o)
                0x00000000080074c4                _findenv_r
                0x0000000008007544                _getenv_r
 .text          0x0000000008007554       0x48 /usr/lib/gcc/arm-none-eabi/10.3.1/../../../arm-none-eabi/lib/thumb/v7e-m+fp/hard/libg.a(lib_a-init.o)
                0x0000000008007554                __libc_init_array
 .text          0x000000000800759c       0x20 /usr/lib/gcc/arm-none-eabi/10.3.1/../../../arm-none-eabi/lib/thumb/v7e-m+fp/hard/libg.a(lib_a-malloc.o)
                0x000000000800759c                malloc
                0x00000000080075ac                free
 .text          0x00000000080075bc      0x554 /usr/lib/gcc/arm-none-eabi/10.3.1/../../../arm-none-eabi/lib/thumb/v7e-m+fp/hard/libg.a(lib_a-mallocr.o)
                0x00000000080075bc                _malloc_r
 .text          0x0000000008007b10      0x134 /usr/lib/gcc/arm-none-eabi/10.3.1/../../../arm-none-eabi/lib/thumb/v7e-m+fp/hard/libg.a(lib_a-memcpy.o)
                0x0000000008007b10                memcpy
 .text          0x0000000008007c44       0xa4 /usr/lib/gcc/arm-none-eabi/10.3.1/../../../arm-none-eabi/lib/thumb/v7e-m+fp/hard/libg.a(lib_a-memset.o)
                0x0000000008007c44                memset
 .text          0x0000000008007ce8        0x8 /usr/lib/gcc/arm-none-eabi/10.3.1/../../../arm-none-eabi/lib/thumb/v7e-m+fp/hard/libg.a(lib_a-mlock.o)
                0x0000000008007ce8                __malloc_lock
                0x0000000008007cec                __malloc_unlock
 .text          0x0000000008007cf0       0x48 /usr/lib/gcc/arm-none-eabi/10.3.1/../../../arm-none-eabi/lib/thumb/v7e-m+fp/hard/libg.a(lib_a-printf.o)
                0x0000000008007cf0                _printf_r
                0x0000000008007d10                printf
 .text          0x0000000008007d38       0x4c /usr/lib/gcc/arm-none-eabi/10.3.1/../../../arm-none-eabi/lib/thumb/v7e-m+fp/hard/libg.a(lib_a-rand.o)
                0x0000000008007d38                srand
                0x0000000008007d48                rand
 .text          0x0000000008007d84       0x18 /usr/lib/gcc/arm-none-eabi/10.3.1/../../../arm-none-eabi/lib/thumb/v7e-m+fp/hard/libg.a(lib_a-realloc.o)
                0x0000000008007d84                realloc
 .text          0x0000000008007d9c      0x3d8 /usr/lib/gcc/arm-none-eabi/10.3.1/../../../arm-none-eabi/lib/thumb/v7e-m+fp/hard/libg.a(lib_a-reallocr.o)
                0x0000000008007d9c                _realloc_r
 .text          0x0000000008008174       0x24 /usr/lib/gcc/arm-none-eabi/10.3.1/../../../arm-none-eabi/lib/thumb/v7e-m+fp/hard/libg.a(lib_a-sbrkr.o)
                0x0000000008008174                _sbrk_r
 .text          0x0000000008008198       0x2c /usr/lib/gcc/arm-none-eabi/10.3.1/../../../arm-none-eabi/lib/thumb/v7e-m+fp/hard/libg.a(lib_a-setenv.o)
                0x0000000008008198                setenv
                0x00000000080081b4                unsetenv
 .text          0x00000000080081c4      0x1dc /usr/lib/gcc/arm-none-eabi/10.3.1/../../../arm-none-eabi/lib/thumb/v7e-m+fp/hard/libg.a(lib_a-setenv_r.o)
                0x00000000080081c4                _setenv_r
                0x0000000008008324                _unsetenv_r
 .text          0x00000000080083a0      0x108 /usr/lib/gcc/arm-none-eabi/10.3.1/../../../arm-none-eabi/lib/thumb/v7e-m+fp/hard/libg.a(lib_a-snprintf.o)
                0x00000000080083a0                _snprintf_r
                0x0000000008008420                snprintf
 .text          0x00000000080084a8       0xcc /usr/lib/gcc/arm-none-eabi/10.3.1/../../../arm-none-eabi/lib/thumb/v7e-m+fp/hard/libg.a(lib_a-strchr.o)
                0x00000000080084a8                strchr
 *fill*         0x0000000008008574        0xc 
 .text          0x0000000008008580      0x2dc /usr/lib/gcc/arm-none-eabi/10.3.1/../../../arm-none-eabi/lib/thumb/v7e-m+fp/hard/libg.a(lib_a-strcmp.o)
                0x0000000008008588                strcmp
 .text          0x000000000800885c       0xbc /usr/lib/gcc/arm-none-eabi/10.3.1/../../../arm-none-eabi/lib/thumb/v7e-m+fp/hard/libg.a(lib_a-strcpy.o)
                0x000000000800885c                strcpy
 *fill*         0x0000000008008918       0x28 
 .text          0x0000000008008940       0xdc /usr/lib/gcc/arm-none-eabi/10.3.1/../../../arm-none-eabi/lib/thumb/v7e-m+fp/hard/libg.a(lib_a-strlen.o)
                0x0000000008008940                strlen
 .text          0x0000000008008a1c       0x80 /usr/lib/gcc/arm-none-eabi/10.3.1/../../../arm-none-eabi/lib/thumb/v7e-m+fp/hard/libg.a(lib_a-strncmp.o)
                0x0000000008008a1c                strncmp
 .text          0x0000000008008a9c      0x41c /usr/lib/gcc/arm-none-eabi/10.3.1/../../../arm-none-eabi/lib/thumb/v7e-m+fp/hard/libg.a(lib_a-strstr.o)
                0x0000000008008d50                strstr
 .text          0x0000000008008eb8      0x170 /usr/lib/gcc/arm-none-eabi/10.3.1/../../../arm-none-eabi/lib/thumb/v7e-m+fp/hard/libg.a(lib_a-strtoul.o)
                0x0000000008008ff4                _strtoul_r
                0x0000000008008ff8                strtoul_l
                0x0000000008009010                strtoul
 .text          0x0000000008009028     0x14bc /usr/lib/gcc/arm-none-eabi/10.3.1/../../../arm-none-eabi/lib/thumb/v7e-m+fp/hard/libg.a(lib_a-svfprintf.o)
                0x0000000008009028                _svfprintf_r
 *fill*         0x000000000800a4e4        0x4 
 .text          0x000000000800a4e8     0x159c /usr/lib/gcc/arm-none-eabi/10.3.1/../../../arm-none-eabi/lib/thumb/v7e-m+fp/hard/libg.a(lib_a-vfprintf.o)
                0x000000000800a4e8                _vfprintf_r
                0x000000000800b9fc                vfprintf
 .text          0x000000000800ba84       0xe0 /usr/lib/gcc/arm-none-eabi/10.3.1/../../../arm-none-eabi/lib/thumb/v7e-m+fp/hard/libg.a(lib_a-vsnprintf.o)
                0x000000000800ba84                vsnprintf
                0x000000000800baf4                _vsnprintf_r
 .text          0x000000000800bb64       0xd4 /usr/lib/gcc/arm-none-eabi/10.3.1/../../../arm-none-eabi/lib/thumb/v7e-m+fp/hard/libg.a(lib_a-wsetup.o)
                0x000000000800bb64                __swsetup_r
 .text          0x000000000800bc38       0x68 /usr/lib/gcc/arm-none-eabi/10.3.1/../../../arm-none-eabi/lib/thumb/v7e-m+fp/hard/libg.a(lib_a-__atexit.o)
                0x000000000800bc38                __register_exitproc
 .text          0x000000000800bca0     0x1064 /usr/lib/gcc/arm-none-eabi/10.3.1/../../../arm-none-eabi/lib/thumb/v7e-m+fp/hard/libg.a(lib_a-dtoa.o)
                0x000000000800bdc8                _dtoa_r
 .text          0x000000000800cd04        0x8 /usr/lib/gcc/arm-none-eabi/10.3.1/../../../arm-none-eabi/lib/thumb/v7e-m+fp/hard/libg.a(lib_a-envlock.o)
                0x000000000800cd04                __env_lock
                0x000000000800cd08                __env_unlock
 .text          0x000000000800cd0c      0x1ac /usr/lib/gcc/arm-none-eabi/10.3.1/../../../arm-none-eabi/lib/thumb/v7e-m+fp/hard/libg.a(lib_a-fflush.o)
                0x000000000800cd0c                __sflush_r
                0x000000000800ce3c                _fflush_r
                0x000000000800ce68                fflush
 .text          0x000000000800ceb8      0x218 /usr/lib/gcc/arm-none-eabi/10.3.1/../../../arm-none-eabi/lib/thumb/v7e-m+fp/hard/libg.a(lib_a-findfp.o)
                0x000000000800cebc                _cleanup_r
                0x000000000800cfa4                __sfmoreglue
                0x000000000800cfd4                __sfp
                0x000000000800d07c                _cleanup
                0x000000000800d090                __sinit
                0x000000000800d098                __sfp_lock_acquire
                0x000000000800d09c                __sfp_lock_release
                0x000000000800d0a0                __sinit_lock_acquire
                0x000000000800d0a4                __sinit_lock_release
                0x000000000800d0a8                __fp_lock_all
                0x000000000800d0bc                __fp_unlock_all
 .text          0x000000000800d0d0      0x2ac /usr/lib/gcc/arm-none-eabi/10.3.1/../../../arm-none-eabi/lib/thumb/v7e-m+fp/hard/libg.a(lib_a-freer.o)
                0x000000000800d0d0                _malloc_trim_r
                0x000000000800d170                _free_r
 .text          0x000000000800d37c       0x88 /usr/lib/gcc/arm-none-eabi/10.3.1/../../../arm-none-eabi/lib/thumb/v7e-m+fp/hard/libg.a(lib_a-fwalk.o)
                0x000000000800d37c                _fwalk
                0x000000000800d3bc                _fwalk_reent
 .text          0x000000000800d404       0x14 /usr/lib/gcc/arm-none-eabi/10.3.1/../../../arm-none-eabi/lib/thumb/v7e-m+fp/hard/libg.a(lib_a-localeconv.o)
                0x000000000800d404                __localeconv_l
                0x000000000800d408                _localeconv_r
                0x000000000800d410                localeconv
 .text          0x000000000800d418      0x140 /usr/lib/gcc/arm-none-eabi/10.3.1/../../../arm-none-eabi/lib/thumb/v7e-m+fp/hard/libg.a(lib_a-makebuf.o)
                0x000000000800d418                __smakebuf_r
                0x000000000800d4f8                __swhatbuf_r
 *fill*         0x000000000800d558        0x8 
 .text          0x000000000800d560       0xa0 /usr/lib/gcc/arm-none-eabi/10.3.1/../../../arm-none-eabi/lib/thumb/v7e-m+fp/hard/libg.a(lib_a-memchr.o)
                0x000000000800d560                memchr
 .text          0x000000000800d600       0x64 /usr/lib/gcc/arm-none-eabi/10.3.1/../../../arm-none-eabi/lib/thumb/v7e-m+fp/hard/libg.a(lib_a-memcmp.o)
                0x000000000800d600                memcmp
 .text          0x000000000800d664       0xf8 /usr/lib/gcc/arm-none-eabi/10.3.1/../../../arm-none-eabi/lib/thumb/v7e-m+fp/hard/libg.a(lib_a-memmove.o)
                0x000000000800d664                memmove
 .text          0x000000000800d75c      0xaa0 /usr/lib/gcc/arm-none-eabi/10.3.1/../../../arm-none-eabi/lib/thumb/v7e-m+fp/hard/libg.a(lib_a-mprec.o)
                0x000000000800d75c                _Balloc
                0x000000000800d7a8                _Bfree
                0x000000000800d7bc                __multadd
                0x000000000800d864                __s2b
                0x000000000800d918                __hi0bits
                0x000000000800d958                __lo0bits
                0x000000000800d9b8                __i2b
                0x000000000800da14                __multiply
                0x000000000800db70                __pow5mult
                0x000000000800dc30                __lshift
                0x000000000800dd20                __mcmp
                0x000000000800dd64                __mdiff
                0x000000000800deb0                __ulp
                0x000000000800df10                __b2d
                0x000000000800dfd0                __d2b
                0x000000000800e0a0                __ratio
                0x000000000800e0fc                _mprec_log10
                0x000000000800e13c                __copybits
                0x000000000800e198                __any_on
 .text          0x000000000800e1fc       0x90 /usr/lib/gcc/arm-none-eabi/10.3.1/../../../arm-none-eabi/lib/thumb/v7e-m+fp/hard/libg.a(lib_a-stdio.o)
                0x000000000800e1fc                __sread
                0x000000000800e220                __seofread
                0x000000000800e224                __swrite
                0x000000000800e264                __sseek
                0x000000000800e284                __sclose
 .text          0x000000000800e28c       0x24 /usr/lib/gcc/arm-none-eabi/10.3.1/../../../arm-none-eabi/lib/thumb/v7e-m+fp/hard/libg.a(lib_a-strnlen.o)
                0x000000000800e28c                strnlen
 .text          0x000000000800e2b0      0xb54 /usr/lib/gcc/arm-none-eabi/10.3.1/../../../arm-none-eabi/lib/thumb/v7e-m+fp/hard/libg.a(lib_a-svfiprintf.o)
                0x000000000800e2b0                __ssprint_r
                0x000000000800e3a8                _svfiprintf_r
 .text          0x000000000800ee04      0xd44 /usr/lib/gcc/arm-none-eabi/10.3.1/../../../arm-none-eabi/lib/thumb/v7e-m+fp/hard/libg.a(lib_a-vfiprintf.o)
                0x000000000800ee7c                __sprint_r
                0x000000000800ee94                _vfiprintf_r
                0x000000000800fac0                vfiprintf
 .text          0x000000000800fb48       0x2c /usr/lib/gcc/arm-none-eabi/10.3.1/../../../arm-none-eabi/lib/thumb/v7e-m+fp/hard/libg.a(lib_a-writer.o)
                0x000000000800fb48                _write_r
 .text          0x000000000800fb74       0x4c /usr/lib/gcc/arm-none-eabi/10.3.1/../../../arm-none-eabi/lib/thumb/v7e-m+fp/hard/libg.a(lib_a-assert.o)
                0x000000000800fb74                __assert_func
                0x000000000800fbb4                __assert
 .text          0x000000000800fbc0       0x24 /usr/lib/gcc/arm-none-eabi/10.3.1/../../../arm-none-eabi/lib/thumb/v7e-m+fp/hard/libg.a(lib_a-closer.o)
                0x000000000800fbc0                _close_r
 .text          0x000000000800fbe4       0xd4 /usr/lib/gcc/arm-none-eabi/10.3.1/../../../arm-none-eabi/lib/thumb/v7e-m+fp/hard/libg.a(lib_a-fclose.o)
                0x000000000800fc48                _fclose_r
                0x000000000800fc7c                fclose
 .text          0x000000000800fcb8       0x44 /usr/lib/gcc/arm-none-eabi/10.3.1/../../../arm-none-eabi/lib/thumb/v7e-m+fp/hard/libg.a(lib_a-fiprintf.o)
                0x000000000800fcb8                _fiprintf_r
                0x000000000800fcd4                fiprintf
 .text          0x000000000800fcfc      0x118 /usr/lib/gcc/arm-none-eabi/10.3.1/../../../arm-none-eabi/lib/thumb/v7e-m+fp/hard/libg.a(lib_a-fputwc.o)
                0x000000000800fcfc                __fputwc
                0x000000000800fda4                _fputwc_r
                0x000000000800fdcc                fputwc
 .text          0x000000000800fe14       0x2c /usr/lib/gcc/arm-none-eabi/10.3.1/../../../arm-none-eabi/lib/thumb/v7e-m+fp/hard/libg.a(lib_a-fstatr.o)
                0x000000000800fe14                _fstat_r
 .text          0x000000000800fe40      0x2f0 /usr/lib/gcc/arm-none-eabi/10.3.1/../../../arm-none-eabi/lib/thumb/v7e-m+fp/hard/libg.a(lib_a-fvwrite.o)
                0x000000000800fe40                __sfvwrite_r
 .text          0x0000000008010130       0x24 /usr/lib/gcc/arm-none-eabi/10.3.1/../../../arm-none-eabi/lib/thumb/v7e-m+fp/hard/libg.a(lib_a-isattyr.o)
                0x0000000008010130                _isatty_r
 .text          0x0000000008010154       0x8c /usr/lib/gcc/arm-none-eabi/10.3.1/../../../arm-none-eabi/lib/thumb/v7e-m+fp/hard/libg.a(lib_a-locale.o)
                0x0000000008010154                _setlocale_r
                0x0000000008010194                __locale_mb_cur_max
                0x00000000080101a0                setlocale
 .text          0x00000000080101e0       0x2c /usr/lib/gcc/arm-none-eabi/10.3.1/../../../arm-none-eabi/lib/thumb/v7e-m+fp/hard/libg.a(lib_a-lseekr.o)
                0x00000000080101e0                _lseek_r
 .text          0x000000000801020c       0x40 /usr/lib/gcc/arm-none-eabi/10.3.1/../../../arm-none-eabi/lib/thumb/v7e-m+fp/hard/libg.a(lib_a-mbtowc_r.o)
                0x000000000801020c                _mbtowc_r
                0x0000000008010220                __ascii_mbtowc
 .text          0x000000000801024c       0x2c /usr/lib/gcc/arm-none-eabi/10.3.1/../../../arm-none-eabi/lib/thumb/v7e-m+fp/hard/libg.a(lib_a-readr.o)
                0x000000000801024c                _read_r
 .text          0x0000000008010278       0xc8 /usr/lib/gcc/arm-none-eabi/10.3.1/../../../arm-none-eabi/lib/thumb/v7e-m+fp/hard/libg.a(lib_a-wbuf.o)
                0x0000000008010278                __swbuf_r
                0x0000000008010328                __swbuf
 .text          0x0000000008010340       0x88 /usr/lib/gcc/arm-none-eabi/10.3.1/../../../arm-none-eabi/lib/thumb/v7e-m+fp/hard/libg.a(lib_a-wcrtomb.o)
                0x0000000008010340                _wcrtomb_r
                0x000000000801037c                wcrtomb
 .text          0x00000000080103c8       0x30 /usr/lib/gcc/arm-none-eabi/10.3.1/../../../arm-none-eabi/lib/thumb/v7e-m+fp/hard/libg.a(lib_a-wctomb_r.o)
                0x00000000080103c8                _wctomb_r
                0x00000000080103dc                __ascii_wctomb
 .text          0x00000000080103f8       0x10 /usr/lib/gcc/arm-none-eabi/10.3.1/../../../arm-none-eabi/lib/thumb/v7e-m+fp/hard/libg.a(lib_a-abort.o)
                0x00000000080103f8                abort
 .text          0x0000000008010408      0x288 /usr/lib/gcc/arm-none-eabi/10.3.1/../../../arm-none-eabi/lib/thumb/v7e-m+fp/hard/libg.a(lib_a-signal.o)
                0x0000000008010408                _init_signal_r
                0x0000000008010438                _signal_r
                0x0000000008010484                _raise_r
                0x00000000080104dc                __sigtramp_r
                0x0000000008010540                raise
                0x000000000801059c                signal
                0x00000000080105f0                _init_signal
                0x0000000008010628                __sigtramp
 .text          0x0000000008010690       0x30 /usr/lib/gcc/arm-none-eabi/10.3.1/../../../arm-none-eabi/lib/thumb/v7e-m+fp/hard/libg.a(lib_a-signalr.o)
                0x0000000008010690                _kill_r
                0x00000000080106bc                _getpid_r
 .text          0x00000000080106c0      0x378 /usr/lib/gcc/arm-none-eabi/10.3.1/thumb/v7e-m+fp/hard/libgcc.a(_arm_addsubdf3.o)
                0x00000000080106c0                __aeabi_drsub
                0x00000000080106c8                __aeabi_dsub
                0x00000000080106c8                __subdf3
                0x00000000080106cc                __adddf3
                0x00000000080106cc                __aeabi_dadd
                0x0000000008010944                __aeabi_ui2d
                0x0000000008010944                __floatunsidf
                0x0000000008010964                __floatsidf
                0x0000000008010964                __aeabi_i2d
                0x0000000008010988                __extendsfdf2
                0x0000000008010988                __aeabi_f2d
                0x00000000080109cc                __aeabi_ul2d
                0x00000000080109cc                __floatundidf
                0x00000000080109dc                __floatdidf
                0x00000000080109dc                __aeabi_l2d
 .text          0x0000000008010a38      0x424 /usr/lib/gcc/arm-none-eabi/10.3.1/thumb/v7e-m+fp/hard/libgcc.a(_arm_muldivdf3.o)
                0x0000000008010a38                __aeabi_dmul
                0x0000000008010a38                __muldf3
                0x0000000008010c8c                __aeabi_ddiv
                0x0000000008010c8c                __divdf3
 .text          0x0000000008010e5c      0x110 /usr/lib/gcc/arm-none-eabi/10.3.1/thumb/v7e-m+fp/hard/libgcc.a(_arm_cmpdf2.o)
                0x0000000008010e5c                __gtdf2
                0x0000000008010e5c                __gedf2
                0x0000000008010e64                __ltdf2
                0x0000000008010e64                __ledf2
                0x0000000008010e6c                __cmpdf2
                0x0000000008010e6c                __eqdf2
                0x0000000008010e6c                __nedf2
                0x0000000008010ee8                __aeabi_cdrcmple
                0x0000000008010ef8                __aeabi_cdcmple
                0x0000000008010ef8                __aeabi_cdcmpeq
                0x0000000008010f08                __aeabi_dcmpeq
                0x0000000008010f1c                __aeabi_dcmplt
                0x0000000008010f30                __aeabi_dcmple
                0x0000000008010f44                __aeabi_dcmpge
                0x0000000008010f58                __aeabi_dcmpgt
 .text          0x0000000008010f6c       0x2c /usr/lib/gcc/arm-none-eabi/10.3.1/thumb/v7e-m+fp/hard/libgcc.a(_arm_unorddf2.o)
                0x0000000008010f6c                __aeabi_dcmpun
                0x0000000008010f6c                __unorddf2
 .text          0x0000000008010f98       0x50 /usr/lib/gcc/arm-none-eabi/10.3.1/thumb/v7e-m+fp/hard/libgcc.a(_arm_fixdfsi.o)
                0x0000000008010f98                __fixdfsi
                0x0000000008010f98                __aeabi_d2iz
 *(.text*)
 .text.MX_CAN1_Init
                0x0000000008010fe8       0x3c CMakeFiles/micro_ros_test.elf.dir/Core/Src/can.c.obj
                0x0000000008010fe8                MX_CAN1_Init
 .text.MX_CAN2_Init
                0x0000000008011024       0x3c CMakeFiles/micro_ros_test.elf.dir/Core/Src/can.c.obj
                0x0000000008011024                MX_CAN2_Init
 .text.HAL_CAN_MspInit
                0x0000000008011060       0xf0 CMakeFiles/micro_ros_test.elf.dir/Core/Src/can.c.obj
                0x0000000008011060                HAL_CAN_MspInit
 .text.MX_DMA_Init
                0x0000000008011150       0x44 CMakeFiles/micro_ros_test.elf.dir/Core/Src/dma.c.obj
                0x0000000008011150                MX_DMA_Init
 .text.StartDefaultTask
                0x0000000008011194       0xec CMakeFiles/micro_ros_test.elf.dir/Core/Src/freertos.c.obj
                0x0000000008011194                StartDefaultTask
 .text.MX_FREERTOS_Init
                0x0000000008011280       0x20 CMakeFiles/micro_ros_test.elf.dir/Core/Src/freertos.c.obj
                0x0000000008011280                MX_FREERTOS_Init
 .text.MX_GPIO_Init
                0x00000000080112a0      0x15c CMakeFiles/micro_ros_test.elf.dir/Core/Src/gpio.c.obj
                0x00000000080112a0                MX_GPIO_Init
 .text.HAL_TIM_PeriodElapsedCallback
                0x00000000080113fc       0x18 CMakeFiles/micro_ros_test.elf.dir/Core/Src/main.c.obj
                0x00000000080113fc                HAL_TIM_PeriodElapsedCallback
 .text.Error_Handler
                0x0000000008011414        0x4 CMakeFiles/micro_ros_test.elf.dir/Core/Src/main.c.obj
                0x0000000008011414                Error_Handler
 .text.SystemClock_Config
                0x0000000008011418       0xb4 CMakeFiles/micro_ros_test.elf.dir/Core/Src/main.c.obj
                0x0000000008011418                SystemClock_Config
 .text.main     0x00000000080114cc       0x2c CMakeFiles/micro_ros_test.elf.dir/Core/Src/main.c.obj
                0x00000000080114cc                main
 .text.HAL_MspInit
                0x00000000080114f8       0x40 CMakeFiles/micro_ros_test.elf.dir/Core/Src/stm32f7xx_hal_msp.c.obj
                0x00000000080114f8                HAL_MspInit
 .text.HAL_InitTick
                0x0000000008011538       0x94 CMakeFiles/micro_ros_test.elf.dir/Core/Src/stm32f7xx_hal_timebase_tim.c.obj
                0x0000000008011538                HAL_InitTick
 .text.NMI_Handler
                0x00000000080115cc        0x2 CMakeFiles/micro_ros_test.elf.dir/Core/Src/stm32f7xx_it.c.obj
                0x00000000080115cc                NMI_Handler
 .text.HardFault_Handler
                0x00000000080115ce        0x2 CMakeFiles/micro_ros_test.elf.dir/Core/Src/stm32f7xx_it.c.obj
                0x00000000080115ce                HardFault_Handler
 .text.MemManage_Handler
                0x00000000080115d0        0x2 CMakeFiles/micro_ros_test.elf.dir/Core/Src/stm32f7xx_it.c.obj
                0x00000000080115d0                MemManage_Handler
 .text.BusFault_Handler
                0x00000000080115d2        0x2 CMakeFiles/micro_ros_test.elf.dir/Core/Src/stm32f7xx_it.c.obj
                0x00000000080115d2                BusFault_Handler
 .text.UsageFault_Handler
                0x00000000080115d4        0x2 CMakeFiles/micro_ros_test.elf.dir/Core/Src/stm32f7xx_it.c.obj
                0x00000000080115d4                UsageFault_Handler
 .text.DebugMon_Handler
                0x00000000080115d6        0x2 CMakeFiles/micro_ros_test.elf.dir/Core/Src/stm32f7xx_it.c.obj
                0x00000000080115d6                DebugMon_Handler
 .text.DMA1_Stream1_IRQHandler
                0x00000000080115d8       0x10 CMakeFiles/micro_ros_test.elf.dir/Core/Src/stm32f7xx_it.c.obj
                0x00000000080115d8                DMA1_Stream1_IRQHandler
 .text.DMA1_Stream3_IRQHandler
                0x00000000080115e8       0x10 CMakeFiles/micro_ros_test.elf.dir/Core/Src/stm32f7xx_it.c.obj
                0x00000000080115e8                DMA1_Stream3_IRQHandler
 .text.TIM1_UP_TIM10_IRQHandler
                0x00000000080115f8       0x10 CMakeFiles/micro_ros_test.elf.dir/Core/Src/stm32f7xx_it.c.obj
                0x00000000080115f8                TIM1_UP_TIM10_IRQHandler
 .text.USART3_IRQHandler
                0x0000000008011608       0x10 CMakeFiles/micro_ros_test.elf.dir/Core/Src/stm32f7xx_it.c.obj
                0x0000000008011608                USART3_IRQHandler
 .text.OTG_FS_IRQHandler
                0x0000000008011618       0x10 CMakeFiles/micro_ros_test.elf.dir/Core/Src/stm32f7xx_it.c.obj
                0x0000000008011618                OTG_FS_IRQHandler
 .text._getpid  0x0000000008011628        0x4 CMakeFiles/micro_ros_test.elf.dir/Core/Src/syscalls.c.obj
                0x0000000008011628                _getpid
 .text._kill    0x000000000801162c       0x10 CMakeFiles/micro_ros_test.elf.dir/Core/Src/syscalls.c.obj
                0x000000000801162c                _kill
 .text._exit    0x000000000801163c        0xc CMakeFiles/micro_ros_test.elf.dir/Core/Src/syscalls.c.obj
                0x000000000801163c                _exit
 .text._read    0x0000000008011648       0x20 CMakeFiles/micro_ros_test.elf.dir/Core/Src/syscalls.c.obj
                0x0000000008011648                _read
 .text._write   0x0000000008011668       0x1c CMakeFiles/micro_ros_test.elf.dir/Core/Src/syscalls.c.obj
                0x0000000008011668                _write
 .text._close   0x0000000008011684        0x6 CMakeFiles/micro_ros_test.elf.dir/Core/Src/syscalls.c.obj
                0x0000000008011684                _close
 .text._fstat   0x000000000801168a        0xa CMakeFiles/micro_ros_test.elf.dir/Core/Src/syscalls.c.obj
                0x000000000801168a                _fstat
 .text._isatty  0x0000000008011694        0x4 CMakeFiles/micro_ros_test.elf.dir/Core/Src/syscalls.c.obj
                0x0000000008011694                _isatty
 .text._lseek   0x0000000008011698        0x4 CMakeFiles/micro_ros_test.elf.dir/Core/Src/syscalls.c.obj
                0x0000000008011698                _lseek
 .text._sbrk    0x000000000801169c       0x48 CMakeFiles/micro_ros_test.elf.dir/Core/Src/sysmem.c.obj
                0x000000000801169c                _sbrk
 .text.SystemInit
                0x00000000080116e4       0x14 CMakeFiles/micro_ros_test.elf.dir/Core/Src/system_stm32f7xx.c.obj
                0x00000000080116e4                SystemInit
 .text.MX_USART3_UART_Init
                0x00000000080116f8       0x38 CMakeFiles/micro_ros_test.elf.dir/Core/Src/usart.c.obj
                0x00000000080116f8                MX_USART3_UART_Init
 .text.HAL_UART_MspInit
                0x0000000008011730      0x124 CMakeFiles/micro_ros_test.elf.dir/Core/Src/usart.c.obj
                0x0000000008011730                HAL_UART_MspInit
 .text.Reset_Handler
                0x0000000008011854       0x50 CMakeFiles/micro_ros_test.elf.dir/Core/Startup/startup_stm32f767zitx.s.obj
                0x0000000008011854                Reset_Handler
 .text.Default_Handler
                0x00000000080118a4        0x2 CMakeFiles/micro_ros_test.elf.dir/Core/Startup/startup_stm32f767zitx.s.obj
                0x00000000080118a4                RTC_Alarm_IRQHandler
                0x00000000080118a4                EXTI2_IRQHandler
                0x00000000080118a4                TIM8_CC_IRQHandler
                0x00000000080118a4                UART8_IRQHandler
                0x00000000080118a4                SPI4_IRQHandler
                0x00000000080118a4                TIM1_CC_IRQHandler
                0x00000000080118a4                DMA2_Stream5_IRQHandler
                0x00000000080118a4                JPEG_IRQHandler
                0x00000000080118a4                DMA1_Stream5_IRQHandler
                0x00000000080118a4                CAN3_RX1_IRQHandler
                0x00000000080118a4                PVD_IRQHandler
                0x00000000080118a4                TAMP_STAMP_IRQHandler
                0x00000000080118a4                CAN2_RX1_IRQHandler
                0x00000000080118a4                EXTI3_IRQHandler
                0x00000000080118a4                TIM8_TRG_COM_TIM14_IRQHandler
                0x00000000080118a4                DFSDM1_FLT1_IRQHandler
                0x00000000080118a4                TIM8_UP_TIM13_IRQHandler
                0x00000000080118a4                I2C3_ER_IRQHandler
                0x00000000080118a4                DFSDM1_FLT2_IRQHandler
                0x00000000080118a4                EXTI0_IRQHandler
                0x00000000080118a4                I2C2_EV_IRQHandler
                0x00000000080118a4                DMA1_Stream2_IRQHandler
                0x00000000080118a4                CAN1_RX0_IRQHandler
                0x00000000080118a4                FPU_IRQHandler
                0x00000000080118a4                OTG_HS_WKUP_IRQHandler
                0x00000000080118a4                CAN3_SCE_IRQHandler
                0x00000000080118a4                LTDC_ER_IRQHandler
                0x00000000080118a4                CAN2_SCE_IRQHandler
                0x00000000080118a4                DMA2_Stream2_IRQHandler
                0x00000000080118a4                SPI1_IRQHandler
                0x00000000080118a4                TIM6_DAC_IRQHandler
                0x00000000080118a4                TIM1_BRK_TIM9_IRQHandler
                0x00000000080118a4                DCMI_IRQHandler
                0x00000000080118a4                CAN2_RX0_IRQHandler
                0x00000000080118a4                DMA2_Stream3_IRQHandler
                0x00000000080118a4                SAI2_IRQHandler
                0x00000000080118a4                DFSDM1_FLT3_IRQHandler
                0x00000000080118a4                USART6_IRQHandler
                0x00000000080118a4                CAN3_RX0_IRQHandler
                0x00000000080118a4                CAN1_RX1_IRQHandler
                0x00000000080118a4                UART5_IRQHandler
                0x00000000080118a4                DMA2_Stream0_IRQHandler
                0x00000000080118a4                TIM4_IRQHandler
                0x00000000080118a4                QUADSPI_IRQHandler
                0x00000000080118a4                I2C1_EV_IRQHandler
                0x00000000080118a4                DMA1_Stream6_IRQHandler
                0x00000000080118a4                UART4_IRQHandler
                0x00000000080118a4                TIM3_IRQHandler
                0x00000000080118a4                RCC_IRQHandler
                0x00000000080118a4                TIM8_BRK_TIM12_IRQHandler
                0x00000000080118a4                Default_Handler
                0x00000000080118a4                CEC_IRQHandler
                0x00000000080118a4                EXTI15_10_IRQHandler
                0x00000000080118a4                ADC_IRQHandler
                0x00000000080118a4                DMA1_Stream7_IRQHandler
                0x00000000080118a4                SPI5_IRQHandler
                0x00000000080118a4                TIM7_IRQHandler
                0x00000000080118a4                SDMMC1_IRQHandler
                0x00000000080118a4                CAN2_TX_IRQHandler
                0x00000000080118a4                TIM5_IRQHandler
                0x00000000080118a4                DMA2_Stream7_IRQHandler
                0x00000000080118a4                I2C3_EV_IRQHandler
                0x00000000080118a4                EXTI9_5_IRQHandler
                0x00000000080118a4                RTC_WKUP_IRQHandler
                0x00000000080118a4                LTDC_IRQHandler
                0x00000000080118a4                ETH_WKUP_IRQHandler
                0x00000000080118a4                SPDIF_RX_IRQHandler
                0x00000000080118a4                SPI2_IRQHandler
                0x00000000080118a4                OTG_HS_EP1_IN_IRQHandler
                0x00000000080118a4                DMA1_Stream0_IRQHandler
                0x00000000080118a4                CAN1_TX_IRQHandler
                0x00000000080118a4                EXTI4_IRQHandler
                0x00000000080118a4                RNG_IRQHandler
                0x00000000080118a4                ETH_IRQHandler
                0x00000000080118a4                OTG_HS_EP1_OUT_IRQHandler
                0x00000000080118a4                WWDG_IRQHandler
                0x00000000080118a4                SPI6_IRQHandler
                0x00000000080118a4                MDIOS_IRQHandler
                0x00000000080118a4                I2C4_EV_IRQHandler
                0x00000000080118a4                CAN3_TX_IRQHandler
                0x00000000080118a4                TIM2_IRQHandler
                0x00000000080118a4                OTG_FS_WKUP_IRQHandler
                0x00000000080118a4                TIM1_TRG_COM_TIM11_IRQHandler
                0x00000000080118a4                OTG_HS_IRQHandler
                0x00000000080118a4                DMA2D_IRQHandler
                0x00000000080118a4                EXTI1_IRQHandler
                0x00000000080118a4                SDMMC2_IRQHandler
                0x00000000080118a4                UART7_IRQHandler
                0x00000000080118a4                USART2_IRQHandler
                0x00000000080118a4                DFSDM1_FLT0_IRQHandler
                0x00000000080118a4                I2C2_ER_IRQHandler
                0x00000000080118a4                DMA2_Stream1_IRQHandler
                0x00000000080118a4                CAN1_SCE_IRQHandler
                0x00000000080118a4                FLASH_IRQHandler
                0x00000000080118a4                DMA2_Stream4_IRQHandler
                0x00000000080118a4                USART1_IRQHandler
                0x00000000080118a4                SPI3_IRQHandler
                0x00000000080118a4                DMA1_Stream4_IRQHandler
                0x00000000080118a4                I2C1_ER_IRQHandler
                0x00000000080118a4                FMC_IRQHandler
                0x00000000080118a4                LPTIM1_IRQHandler
                0x00000000080118a4                I2C4_ER_IRQHandler
                0x00000000080118a4                DMA2_Stream6_IRQHandler
                0x00000000080118a4                SAI1_IRQHandler
 .text.HAL_Init
                0x00000000080118a6       0x16 CMakeFiles/micro_ros_test.elf.dir/Drivers/STM32F7xx_HAL_Driver/Src/stm32f7xx_hal.c.obj
                0x00000000080118a6                HAL_Init
 .text.HAL_IncTick
                0x00000000080118bc       0x18 CMakeFiles/micro_ros_test.elf.dir/Drivers/STM32F7xx_HAL_Driver/Src/stm32f7xx_hal.c.obj
                0x00000000080118bc                HAL_IncTick
 .text.HAL_GetTick
                0x00000000080118d4        0xc CMakeFiles/micro_ros_test.elf.dir/Drivers/STM32F7xx_HAL_Driver/Src/stm32f7xx_hal.c.obj
                0x00000000080118d4                HAL_GetTick
 .text.HAL_Delay
                0x00000000080118e0       0x28 CMakeFiles/micro_ros_test.elf.dir/Drivers/STM32F7xx_HAL_Driver/Src/stm32f7xx_hal.c.obj
                0x00000000080118e0                HAL_Delay
 .text.HAL_CAN_Init
                0x0000000008011908      0x14c CMakeFiles/micro_ros_test.elf.dir/Drivers/STM32F7xx_HAL_Driver/Src/stm32f7xx_hal_can.c.obj
                0x0000000008011908                HAL_CAN_Init
 .text.HAL_NVIC_SetPriorityGrouping
                0x0000000008011a54       0x24 CMakeFiles/micro_ros_test.elf.dir/Drivers/STM32F7xx_HAL_Driver/Src/stm32f7xx_hal_cortex.c.obj
                0x0000000008011a54                HAL_NVIC_SetPriorityGrouping
 .text.HAL_NVIC_SetPriority
                0x0000000008011a78       0x6c CMakeFiles/micro_ros_test.elf.dir/Drivers/STM32F7xx_HAL_Driver/Src/stm32f7xx_hal_cortex.c.obj
                0x0000000008011a78                HAL_NVIC_SetPriority
 .text.HAL_NVIC_EnableIRQ
                0x0000000008011ae4       0x1c CMakeFiles/micro_ros_test.elf.dir/Drivers/STM32F7xx_HAL_Driver/Src/stm32f7xx_hal_cortex.c.obj
                0x0000000008011ae4                HAL_NVIC_EnableIRQ
 .text.DMA_SetConfig
                0x0000000008011b00       0x2c CMakeFiles/micro_ros_test.elf.dir/Drivers/STM32F7xx_HAL_Driver/Src/stm32f7xx_hal_dma.c.obj
 .text.DMA_CalcBaseAndBitshift
                0x0000000008011b2c       0x40 CMakeFiles/micro_ros_test.elf.dir/Drivers/STM32F7xx_HAL_Driver/Src/stm32f7xx_hal_dma.c.obj
 .text.DMA_CheckFifoParam
                0x0000000008011b6c       0x8e CMakeFiles/micro_ros_test.elf.dir/Drivers/STM32F7xx_HAL_Driver/Src/stm32f7xx_hal_dma.c.obj
 *fill*         0x0000000008011bfa        0x2 
 .text.HAL_DMA_Init
                0x0000000008011bfc       0xcc CMakeFiles/micro_ros_test.elf.dir/Drivers/STM32F7xx_HAL_Driver/Src/stm32f7xx_hal_dma.c.obj
                0x0000000008011bfc                HAL_DMA_Init
 .text.HAL_DMA_Start_IT
                0x0000000008011cc8       0x74 CMakeFiles/micro_ros_test.elf.dir/Drivers/STM32F7xx_HAL_Driver/Src/stm32f7xx_hal_dma.c.obj
                0x0000000008011cc8                HAL_DMA_Start_IT
 .text.HAL_DMA_Abort
                0x0000000008011d3c       0x94 CMakeFiles/micro_ros_test.elf.dir/Drivers/STM32F7xx_HAL_Driver/Src/stm32f7xx_hal_dma.c.obj
                0x0000000008011d3c                HAL_DMA_Abort
 .text.HAL_DMA_Abort_IT
                0x0000000008011dd0       0x26 CMakeFiles/micro_ros_test.elf.dir/Drivers/STM32F7xx_HAL_Driver/Src/stm32f7xx_hal_dma.c.obj
                0x0000000008011dd0                HAL_DMA_Abort_IT
 *fill*         0x0000000008011df6        0x2 
 .text.HAL_DMA_IRQHandler
                0x0000000008011df8      0x1dc CMakeFiles/micro_ros_test.elf.dir/Drivers/STM32F7xx_HAL_Driver/Src/stm32f7xx_hal_dma.c.obj
                0x0000000008011df8                HAL_DMA_IRQHandler
 .text.HAL_DMA_GetError
                0x0000000008011fd4        0x4 CMakeFiles/micro_ros_test.elf.dir/Drivers/STM32F7xx_HAL_Driver/Src/stm32f7xx_hal_dma.c.obj
                0x0000000008011fd4                HAL_DMA_GetError
 .text.HAL_GPIO_Init
                0x0000000008011fd8      0x1f8 CMakeFiles/micro_ros_test.elf.dir/Drivers/STM32F7xx_HAL_Driver/Src/stm32f7xx_hal_gpio.c.obj
                0x0000000008011fd8                HAL_GPIO_Init
 .text.HAL_GPIO_WritePin
                0x00000000080121d0        0xc CMakeFiles/micro_ros_test.elf.dir/Drivers/STM32F7xx_HAL_Driver/Src/stm32f7xx_hal_gpio.c.obj
                0x00000000080121d0                HAL_GPIO_WritePin
 .text.PCD_WriteEmptyTxFifo
                0x00000000080121dc       0xd0 CMakeFiles/micro_ros_test.elf.dir/Drivers/STM32F7xx_HAL_Driver/Src/stm32f7xx_hal_pcd.c.obj
 .text.HAL_PCD_Init
                0x00000000080122ac      0x13c CMakeFiles/micro_ros_test.elf.dir/Drivers/STM32F7xx_HAL_Driver/Src/stm32f7xx_hal_pcd.c.obj
                0x00000000080122ac                HAL_PCD_Init
 .text.HAL_PCD_Start
                0x00000000080123e8       0x2a CMakeFiles/micro_ros_test.elf.dir/Drivers/STM32F7xx_HAL_Driver/Src/stm32f7xx_hal_pcd.c.obj
                0x00000000080123e8                HAL_PCD_Start
 *fill*         0x0000000008012412        0x2 
 .text.PCD_EP_OutXfrComplete_int
                0x0000000008012414      0x104 CMakeFiles/micro_ros_test.elf.dir/Drivers/STM32F7xx_HAL_Driver/Src/stm32f7xx_hal_pcd.c.obj
 .text.PCD_EP_OutSetupPacket_int
                0x0000000008012518       0x50 CMakeFiles/micro_ros_test.elf.dir/Drivers/STM32F7xx_HAL_Driver/Src/stm32f7xx_hal_pcd.c.obj
 .text.HAL_PCD_SetAddress
                0x0000000008012568       0x28 CMakeFiles/micro_ros_test.elf.dir/Drivers/STM32F7xx_HAL_Driver/Src/stm32f7xx_hal_pcd.c.obj
                0x0000000008012568                HAL_PCD_SetAddress
 .text.HAL_PCD_EP_Open
                0x0000000008012590       0x8a CMakeFiles/micro_ros_test.elf.dir/Drivers/STM32F7xx_HAL_Driver/Src/stm32f7xx_hal_pcd.c.obj
                0x0000000008012590                HAL_PCD_EP_Open
 .text.HAL_PCD_EP_Close
                0x000000000801261a       0x72 CMakeFiles/micro_ros_test.elf.dir/Drivers/STM32F7xx_HAL_Driver/Src/stm32f7xx_hal_pcd.c.obj
                0x000000000801261a                HAL_PCD_EP_Close
 .text.HAL_PCD_EP_Receive
                0x000000000801268c       0x5e CMakeFiles/micro_ros_test.elf.dir/Drivers/STM32F7xx_HAL_Driver/Src/stm32f7xx_hal_pcd.c.obj
                0x000000000801268c                HAL_PCD_EP_Receive
 .text.HAL_PCD_EP_GetRxCount
                0x00000000080126ea       0x12 CMakeFiles/micro_ros_test.elf.dir/Drivers/STM32F7xx_HAL_Driver/Src/stm32f7xx_hal_pcd.c.obj
                0x00000000080126ea                HAL_PCD_EP_GetRxCount
 .text.HAL_PCD_EP_Transmit
                0x00000000080126fc       0x5e CMakeFiles/micro_ros_test.elf.dir/Drivers/STM32F7xx_HAL_Driver/Src/stm32f7xx_hal_pcd.c.obj
                0x00000000080126fc                HAL_PCD_EP_Transmit
 .text.HAL_PCD_EP_SetStall
                0x000000000801275a       0x88 CMakeFiles/micro_ros_test.elf.dir/Drivers/STM32F7xx_HAL_Driver/Src/stm32f7xx_hal_pcd.c.obj
                0x000000000801275a                HAL_PCD_EP_SetStall
 .text.HAL_PCD_EP_ClrStall
                0x00000000080127e2       0x76 CMakeFiles/micro_ros_test.elf.dir/Drivers/STM32F7xx_HAL_Driver/Src/stm32f7xx_hal_pcd.c.obj
                0x00000000080127e2                HAL_PCD_EP_ClrStall
 .text.HAL_PCD_EP_Abort
                0x0000000008012858       0x34 CMakeFiles/micro_ros_test.elf.dir/Drivers/STM32F7xx_HAL_Driver/Src/stm32f7xx_hal_pcd.c.obj
                0x0000000008012858                HAL_PCD_EP_Abort
 .text.HAL_PCD_IRQHandler
                0x000000000801288c      0x606 CMakeFiles/micro_ros_test.elf.dir/Drivers/STM32F7xx_HAL_Driver/Src/stm32f7xx_hal_pcd.c.obj
                0x000000000801288c                HAL_PCD_IRQHandler
 .text.HAL_PCDEx_SetTxFiFo
                0x0000000008012e92       0x4c CMakeFiles/micro_ros_test.elf.dir/Drivers/STM32F7xx_HAL_Driver/Src/stm32f7xx_hal_pcd_ex.c.obj
                0x0000000008012e92                HAL_PCDEx_SetTxFiFo
 .text.HAL_PCDEx_SetRxFiFo
                0x0000000008012ede        0x8 CMakeFiles/micro_ros_test.elf.dir/Drivers/STM32F7xx_HAL_Driver/Src/stm32f7xx_hal_pcd_ex.c.obj
                0x0000000008012ede                HAL_PCDEx_SetRxFiFo
 *fill*         0x0000000008012ee6        0x2 
 .text.HAL_PCDEx_ActivateLPM
                0x0000000008012ee8       0x28 CMakeFiles/micro_ros_test.elf.dir/Drivers/STM32F7xx_HAL_Driver/Src/stm32f7xx_hal_pcd_ex.c.obj
                0x0000000008012ee8                HAL_PCDEx_ActivateLPM
 .text.HAL_PWR_EnableBkUpAccess
                0x0000000008012f10       0x10 CMakeFiles/micro_ros_test.elf.dir/Drivers/STM32F7xx_HAL_Driver/Src/stm32f7xx_hal_pwr.c.obj
                0x0000000008012f10                HAL_PWR_EnableBkUpAccess
 .text.HAL_PWREx_EnableOverDrive
                0x0000000008012f20       0x7c CMakeFiles/micro_ros_test.elf.dir/Drivers/STM32F7xx_HAL_Driver/Src/stm32f7xx_hal_pwr_ex.c.obj
                0x0000000008012f20                HAL_PWREx_EnableOverDrive
 .text.HAL_RCC_OscConfig
                0x0000000008012f9c      0x444 CMakeFiles/micro_ros_test.elf.dir/Drivers/STM32F7xx_HAL_Driver/Src/stm32f7xx_hal_rcc.c.obj
                0x0000000008012f9c                HAL_RCC_OscConfig
 .text.HAL_RCC_GetSysClockFreq
                0x00000000080133e0       0xd4 CMakeFiles/micro_ros_test.elf.dir/Drivers/STM32F7xx_HAL_Driver/Src/stm32f7xx_hal_rcc.c.obj
                0x00000000080133e0                HAL_RCC_GetSysClockFreq
 .text.HAL_RCC_ClockConfig
                0x00000000080134b4      0x16c CMakeFiles/micro_ros_test.elf.dir/Drivers/STM32F7xx_HAL_Driver/Src/stm32f7xx_hal_rcc.c.obj
                0x00000000080134b4                HAL_RCC_ClockConfig
 .text.HAL_RCC_GetHCLKFreq
                0x0000000008013620        0xc CMakeFiles/micro_ros_test.elf.dir/Drivers/STM32F7xx_HAL_Driver/Src/stm32f7xx_hal_rcc.c.obj
                0x0000000008013620                HAL_RCC_GetHCLKFreq
 .text.HAL_RCC_GetPCLK1Freq
                0x000000000801362c       0x20 CMakeFiles/micro_ros_test.elf.dir/Drivers/STM32F7xx_HAL_Driver/Src/stm32f7xx_hal_rcc.c.obj
                0x000000000801362c                HAL_RCC_GetPCLK1Freq
 .text.HAL_RCC_GetPCLK2Freq
                0x000000000801364c       0x20 CMakeFiles/micro_ros_test.elf.dir/Drivers/STM32F7xx_HAL_Driver/Src/stm32f7xx_hal_rcc.c.obj
                0x000000000801364c                HAL_RCC_GetPCLK2Freq
 .text.HAL_RCC_GetClockConfig
                0x000000000801366c       0x3c CMakeFiles/micro_ros_test.elf.dir/Drivers/STM32F7xx_HAL_Driver/Src/stm32f7xx_hal_rcc.c.obj
                0x000000000801366c                HAL_RCC_GetClockConfig
 .text.HAL_RCCEx_PeriphCLKConfig
                0x00000000080136a8      0x600 CMakeFiles/micro_ros_test.elf.dir/Drivers/STM32F7xx_HAL_Driver/Src/stm32f7xx_hal_rcc_ex.c.obj
                0x00000000080136a8                HAL_RCCEx_PeriphCLKConfig
 .text.HAL_TIM_Base_MspInit
                0x0000000008013ca8        0x2 CMakeFiles/micro_ros_test.elf.dir/Drivers/STM32F7xx_HAL_Driver/Src/stm32f7xx_hal_tim.c.obj
                0x0000000008013ca8                HAL_TIM_Base_MspInit
 *fill*         0x0000000008013caa        0x2 
 .text.HAL_TIM_Base_Start_IT
                0x0000000008013cac       0x90 CMakeFiles/micro_ros_test.elf.dir/Drivers/STM32F7xx_HAL_Driver/Src/stm32f7xx_hal_tim.c.obj
                0x0000000008013cac                HAL_TIM_Base_Start_IT
 .text.HAL_TIM_OC_DelayElapsedCallback
                0x0000000008013d3c        0x2 CMakeFiles/micro_ros_test.elf.dir/Drivers/STM32F7xx_HAL_Driver/Src/stm32f7xx_hal_tim.c.obj
                0x0000000008013d3c                HAL_TIM_OC_DelayElapsedCallback
 .text.HAL_TIM_IC_CaptureCallback
                0x0000000008013d3e        0x2 CMakeFiles/micro_ros_test.elf.dir/Drivers/STM32F7xx_HAL_Driver/Src/stm32f7xx_hal_tim.c.obj
                0x0000000008013d3e                HAL_TIM_IC_CaptureCallback
 .text.HAL_TIM_PWM_PulseFinishedCallback
                0x0000000008013d40        0x2 CMakeFiles/micro_ros_test.elf.dir/Drivers/STM32F7xx_HAL_Driver/Src/stm32f7xx_hal_tim.c.obj
                0x0000000008013d40                HAL_TIM_PWM_PulseFinishedCallback
 .text.HAL_TIM_TriggerCallback
                0x0000000008013d42        0x2 CMakeFiles/micro_ros_test.elf.dir/Drivers/STM32F7xx_HAL_Driver/Src/stm32f7xx_hal_tim.c.obj
                0x0000000008013d42                HAL_TIM_TriggerCallback
 .text.HAL_TIM_IRQHandler
                0x0000000008013d44      0x19a CMakeFiles/micro_ros_test.elf.dir/Drivers/STM32F7xx_HAL_Driver/Src/stm32f7xx_hal_tim.c.obj
                0x0000000008013d44                HAL_TIM_IRQHandler
 *fill*         0x0000000008013ede        0x2 
 .text.TIM_Base_SetConfig
                0x0000000008013ee0      0x110 CMakeFiles/micro_ros_test.elf.dir/Drivers/STM32F7xx_HAL_Driver/Src/stm32f7xx_hal_tim.c.obj
                0x0000000008013ee0                TIM_Base_SetConfig
 .text.HAL_TIM_Base_Init
                0x0000000008013ff0       0x60 CMakeFiles/micro_ros_test.elf.dir/Drivers/STM32F7xx_HAL_Driver/Src/stm32f7xx_hal_tim.c.obj
                0x0000000008013ff0                HAL_TIM_Base_Init
 .text.HAL_TIMEx_CommutCallback
                0x0000000008014050        0x2 CMakeFiles/micro_ros_test.elf.dir/Drivers/STM32F7xx_HAL_Driver/Src/stm32f7xx_hal_tim_ex.c.obj
                0x0000000008014050                HAL_TIMEx_CommutCallback